Archive member included to satisfy reference by file (symbol)

app/libapp.a(main.c.obj)      (--whole-archive)
app/libapp.a(flash_map_extended.c.obj)
                              (--whole-archive)
app/libapp.a(os.c.obj)        (--whole-archive)
app/libapp.a(keys.c.obj)      (--whole-archive)
app/libapp.a(image_validate.c.obj)
                              (--whole-archive)
app/libapp.a(tlv.c.obj)       (--whole-archive)
app/libapp.a(encrypted.c.obj)
                              (--whole-archive)
app/libapp.a(image_rsa.c.obj)
                              (--whole-archive)
app/libapp.a(image_ecdsa.c.obj)
                              (--whole-archive)
app/libapp.a(image_ed25519.c.obj)
                              (--whole-archive)
app/libapp.a(bootutil_misc.c.obj)
                              (--whole-archive)
app/libapp.a(fault_injection_hardening.c.obj)
                              (--whole-archive)
app/libapp.a(loader.c.obj)    (--whole-archive)
app/libapp.a(swap_misc.c.obj)
                              (--whole-archive)
app/libapp.a(swap_scratch.c.obj)
                              (--whole-archive)
app/libapp.a(swap_move.c.obj)
                              (--whole-archive)
app/libapp.a(caps.c.obj)      (--whole-archive)
app/libapp.a(autogen-pubkey.c.obj)
                              (--whole-archive)
app/libapp.a(arm_cleanup.c.obj)
                              (--whole-archive)
app/libapp.a(nrf_cleanup.c.obj)
                              (--whole-archive)
zephyr/libzephyr.a(cbprintf_packaged.c.obj)
                              (--whole-archive)
zephyr/libzephyr.a(dec.c.obj)
                              (--whole-archive)
zephyr/libzephyr.a(fdtable.c.obj)
                              (--whole-archive)
zephyr/libzephyr.a(hex.c.obj)
                              (--whole-archive)
zephyr/libzephyr.a(printk.c.obj)
                              (--whole-archive)
zephyr/libzephyr.a(rb.c.obj)  (--whole-archive)
zephyr/libzephyr.a(sem.c.obj)
                              (--whole-archive)
zephyr/libzephyr.a(thread_entry.c.obj)
                              (--whole-archive)
zephyr/libzephyr.a(timeutil.c.obj)
                              (--whole-archive)
zephyr/libzephyr.a(heap.c.obj)
                              (--whole-archive)
zephyr/libzephyr.a(heap-validate.c.obj)
                              (--whole-archive)
zephyr/libzephyr.a(bitarray.c.obj)
                              (--whole-archive)
zephyr/libzephyr.a(multi_heap.c.obj)
                              (--whole-archive)
zephyr/libzephyr.a(onoff.c.obj)
                              (--whole-archive)
zephyr/libzephyr.a(notify.c.obj)
                              (--whole-archive)
zephyr/libzephyr.a(cbprintf_complete.c.obj)
                              (--whole-archive)
zephyr/libzephyr.a(cbprintf.c.obj)
                              (--whole-archive)
zephyr/libzephyr.a(assert.c.obj)
                              (--whole-archive)
zephyr/libzephyr.a(reboot.c.obj)
                              (--whole-archive)
zephyr/libzephyr.a(configs.c.obj)
                              (--whole-archive)
zephyr/libzephyr.a(soc_nrf_common.S.obj)
                              (--whole-archive)
zephyr/libzephyr.a(validate_base_addresses.c.obj)
                              (--whole-archive)
zephyr/libzephyr.a(validate_enabled_instances.c.obj)
                              (--whole-archive)
zephyr/libzephyr.a(log_core.c.obj)
                              (--whole-archive)
zephyr/libzephyr.a(log_mgmt.c.obj)
                              (--whole-archive)
zephyr/libzephyr.a(log_cache.c.obj)
                              (--whole-archive)
zephyr/libzephyr.a(log_msg.c.obj)
                              (--whole-archive)
zephyr/libzephyr.a(log_output.c.obj)
                              (--whole-archive)
zephyr/libzephyr.a(log_backend_rtt.c.obj)
                              (--whole-archive)
zephyr/libzephyr.a(log_backend_uart.c.obj)
                              (--whole-archive)
zephyr/libzephyr.a(flash_map.c.obj)
                              (--whole-archive)
zephyr/libzephyr.a(flash_map_layout.c.obj)
                              (--whole-archive)
zephyr/libzephyr.a(tracing_none.c.obj)
                              (--whole-archive)
zephyr/libzephyr.a(flash_map_partition_manager.c.obj)
                              (--whole-archive)
zephyr/libzephyr.a(nrf_cc3xx_platform_abort_zephyr.c.obj)
                              (--whole-archive)
zephyr/libzephyr.a(nrf_cc3xx_platform_no_mutex_zephyr.c.obj)
                              (--whole-archive)
zephyr/arch/common/libarch__common.a(sw_isr_common.c.obj)
                              (--whole-archive)
zephyr/arch/arch/arm/core/aarch32/libarch__arm__core__aarch32.a(cpu_idle.S.obj)
                              (--whole-archive)
zephyr/arch/arch/arm/core/aarch32/libarch__arm__core__aarch32.a(fatal.c.obj)
                              (--whole-archive)
[...]
Memory Configuration

Name             Origin             Length             Attributes
FLASH            0x0000000000000000 0x000000000000c000 xr
RAM              0x0000000020000000 0x0000000000040000 xw
IDT_LIST         0x00000000fffff7ff 0x0000000000000800 xw
*default*        0x0000000000000000 0xffffffffffffffff

Linker script and memory map

LOAD zephyr/CMakeFiles/zephyr_pre0.dir/misc/empty_file.c.obj
LOAD app/libapp.a
LOAD zephyr/libzephyr.a
LOAD zephyr/arch/common/libarch__common.a
LOAD zephyr/arch/arch/arm/core/aarch32/libarch__arm__core__aarch32.a
LOAD zephyr/arch/arch/arm/core/aarch32/cortex_m/libarch__arm__core__aarch32__cortex_m.a
LOAD zephyr/arch/arch/arm/core/aarch32/mpu/libarch__arm__core__aarch32__mpu.a
LOAD zephyr/lib/libc/minimal/liblib__libc__minimal.a
LOAD zephyr/lib/libc/common/liblib__libc__common.a
LOAD zephyr/soc/soc/arm/common/cortex_m/libsoc__arm__common__cortex_m.a
LOAD zephyr/soc/soc/arm/nordic_nrf/nrf52/libsoc__arm__nordic_nrf__nrf52.a
LOAD zephyr/drivers/clock_control/libdrivers__clock_control.a
LOAD zephyr/drivers/console/libdrivers__console.a
LOAD zephyr/drivers/flash/libdrivers__flash.a
LOAD zephyr/drivers/gpio/libdrivers__gpio.a
LOAD zephyr/drivers/pinctrl/libdrivers__pinctrl.a
LOAD zephyr/drivers/serial/libdrivers__serial.a
LOAD zephyr/drivers/timer/libdrivers__timer.a
LOAD modules/nrf/lib/fatal_error/lib..__nrf__lib__fatal_error.a
LOAD modules/nrf/drivers/hw_cc310/lib..__nrf__drivers__hw_cc310.a
LOAD modules/mcuboot/boot/bootutil/zephyr/libmcuboot_util.a
LOAD modules/mbedtls/libmbedTLSBase.a
LOAD modules/mbedtls/libmbedTLSCrypto.a
LOAD modules/mbedtls/libmbedTLSX509.a
LOAD modules/mbedtls/libmodules__mbedtls.a
LOAD modules/hal_nordic/nrfx/libmodules__hal_nordic__nrfx.a
LOAD modules/segger/libmodules__segger.a
LOAD zephyr/kernel/libkernel.a
LOAD zephyr/CMakeFiles/offsets.dir/./arch/arm/core/offsets/offsets.c.obj
LOAD c:/ncs/toolchains/c57af46cb7/opt/zephyr-sdk/arm-zephyr-eabi/bin/../lib/gcc/arm-zephyr-eabi/12.2.0/thumb/v7e-m/nofp\libgcc.a
LOAD zephyr/arch/common/libisr_tables.a
LOAD modules/mbedtls/libmbedTLSBase.a
LOAD modules/mbedtls/libmbedTLSCrypto.a
LOAD modules/mbedtls/libmbedTLSX509.a
LOAD C:/ncs/v2.5.0/nrfxlib/crypto/nrf_cc310_platform/lib/cortex-m4/soft-float/no-interrupts/libnrf_cc310_platform_0.9.18.a
                0x0000000000000020                _region_min_align = 0x20

.rel.plt        0x0000000000000000        0x0
 *(SORT_BY_ALIGNMENT(.rel.plt))
                [!provide]                        PROVIDE (__rel_iplt_start = .)
 *(SORT_BY_ALIGNMENT(.rel.iplt))
 .rel.iplt      0x0000000000000000        0x0 app/libapp.a(main.c.obj)
                [!provide]                        PROVIDE (__rel_iplt_end = .)

.rela.plt       0x0000000000000000        0x0
 *(SORT_BY_ALIGNMENT(.rela.plt))
                [!provide]                        PROVIDE (__rela_iplt_start = .)
 *(SORT_BY_ALIGNMENT(.rela.iplt))
                [!provide]                        PROVIDE (__rela_iplt_end = .)

.rel.dyn
 *(SORT_BY_ALIGNMENT(.rel.*))

.rela.dyn
 *(SORT_BY_ALIGNMENT(.rela.*))

/DISCARD/
 *(SORT_BY_ALIGNMENT(.plt))

/DISCARD/
 *(SORT_BY_ALIGNMENT(.iplt))
                0x0000000000000000                __rom_region_start = 0x0

rom_start       0x0000000000000000      0x100
                0x0000000000000000                __rom_start_address = .
                0x0000000000000000                . = (. + (0x0 - (. - __rom_start_address)))
                0x0000000000000000                . = ALIGN (0x4)
                0x0000000000000000                . = ALIGN (0x80)
                0x0000000000000000                . = ALIGN (0x100)
                0x0000000000000000                _vector_start = .
 *(SORT_BY_ALIGNMENT(.exc_vector_table))
 *(SORT_BY_ALIGNMENT(.exc_vector_table.*))
 .exc_vector_table._vector_table_section
                0x0000000000000000       0x40 zephyr/arch/arch/arm/core/aarch32/cortex_m/libarch__arm__core__aarch32__cortex_m.a(vector_table.S.obj)
                0x0000000000000000                _vector_table
 *(SORT_BY_ALIGNMENT(.vectors))
                0x0000000000000100                _vector_end = .
                0x0000000000000040                . = ALIGN (0x4)
 *(SORT_BY_ALIGNMENT(.gnu.linkonce.irq_vector_table*))
 .gnu.linkonce.irq_vector_table
                0x0000000000000040       0xc0 zephyr/arch/common/libisr_tables.a(isr_tables.c.obj)
                0x0000000000000040                _irq_vector_table
                0x0000000000000100                _vector_end = .

text            0x0000000000000100     0x9ac0
                0x0000000000000100                __text_region_start = .
 *(SORT_BY_ALIGNMENT(.text))
 .text          0x0000000000000100       0x30 c:/ncs/toolchains/c57af46cb7/opt/zephyr-sdk/arm-zephyr-eabi/bin/../lib/gcc/arm-zephyr-eabi/12.2.0/thumb/v7e-m/nofp\libgcc.a(_aeabi_uldivmod.o)
                0x0000000000000100                __aeabi_uldivmod
 .text          0x0000000000000130        0x4 c:/ncs/toolchains/c57af46cb7/opt/zephyr-sdk/arm-zephyr-eabi/bin/../lib/gcc/arm-zephyr-eabi/12.2.0/thumb/v7e-m/nofp\libgcc.a(_dvmd_tls.o)
                0x0000000000000130                __aeabi_idiv0
                0x0000000000000130                __aeabi_ldiv0
 .text          0x0000000000000134      0x2a0 c:/ncs/toolchains/c57af46cb7/opt/zephyr-sdk/arm-zephyr-eabi/bin/../lib/gcc/arm-zephyr-eabi/12.2.0/thumb/v7e-m/nofp\libgcc.a(_udivmoddi4.o)
                0x0000000000000134                __udivmoddi4
 *(SORT_BY_ALIGNMENT(.text.*))
 .text.main     0x00000000000003d4      0x108 app/libapp.a(main.c.obj)
                0x00000000000003d4                main
 .text.flash_device_base
                0x00000000000004dc       0x34 app/libapp.a(flash_map_extended.c.obj)
                0x00000000000004dc                flash_device_base
 .text.flash_area_id_from_multi_image_slot
                0x0000000000000510       0x24 app/libapp.a(flash_map_extended.c.obj)
                0x0000000000000510                flash_area_id_from_multi_image_slot
 .text.os_heap_init
                0x0000000000000534       0x10 app/libapp.a(os.c.obj)
                0x0000000000000534                os_heap_init
 .text.bootutil_img_validate
                0x0000000000000544      0x1d8 app/libapp.a(image_validate.c.obj)
                0x0000000000000544                bootutil_img_validate
 .text.bootutil_verify_sig
                0x000000000000071c      0x1e8 app/libapp.a(image_rsa.c.obj)
                0x000000000000071c                bootutil_verify_sig
 .text.z_log_msg_runtime_create.constprop.0
                0x0000000000000904       0x24 app/libapp.a(bootutil_misc.c.obj)
 .text.boot_status_entries
                0x0000000000000928       0x2c app/libapp.a(bootutil_misc.c.obj)
                0x0000000000000928                boot_status_entries
 .text.boot_find_status
                0x0000000000000954       0x48 app/libapp.a(bootutil_misc.c.obj)
                0x0000000000000954                boot_find_status
 .text.bootutil_max_image_size
                0x000000000000099c       0x40 app/libapp.a(bootutil_misc.c.obj)
                0x000000000000099c                bootutil_max_image_size
 .text.boot_validate_slot.isra.0
                0x00000000000009dc      0x110 app/libapp.a(loader.c.obj)
 .text.boot_swap_image.isra.0
                0x0000000000000aec       0x9c app/libapp.a(loader.c.obj)
 .text.boot_copy_region
                0x0000000000000b88       0x84 app/libapp.a(loader.c.obj)
                0x0000000000000b88                boot_copy_region
 .text.context_boot_go
                0x0000000000000c0c      0x2a8 app/libapp.a(loader.c.obj)
                0x0000000000000c0c                context_boot_go
 .text.boot_go  0x0000000000000eb4       0x20 app/libapp.a(loader.c.obj)
                0x0000000000000eb4                boot_go
 .text.swap_set_copy_done
                0x0000000000000ed4       0x2c app/libapp.a(swap_misc.c.obj)
                0x0000000000000ed4                swap_set_copy_done
 .text.swap_set_image_ok
                0x0000000000000f00       0x44 app/libapp.a(swap_misc.c.obj)
                0x0000000000000f00                swap_set_image_ok
 .text.boot_read_image_header
                0x0000000000000f44       0xcc app/libapp.a(swap_move.c.obj)
                0x0000000000000f44                boot_read_image_header
 .text.swap_read_status_bytes
                0x0000000000001010       0xd8 app/libapp.a(swap_move.c.obj)
                0x0000000000001010                swap_read_status_bytes
 .text.boot_slots_compatible
                0x00000000000010e8       0x84 app/libapp.a(swap_move.c.obj)
                0x00000000000010e8                boot_slots_compatible
 .text.swap_status_source
                0x000000000000116c      0x108 app/libapp.a(swap_move.c.obj)
                0x000000000000116c                swap_status_source
 .text.fixup_revert
                0x0000000000001274       0xac app/libapp.a(swap_move.c.obj)
                0x0000000000001274                fixup_revert
 .text.swap_run
                0x0000000000001320      0x224 app/libapp.a(swap_move.c.obj)
                0x0000000000001320                swap_run
 .text.cleanup_arm_nvic
                0x0000000000001544       0x54 app/libapp.a(arm_cleanup.c.obj)
                0x0000000000001544                cleanup_arm_nvic
 .text.nrf_cleanup_peripheral
                0x0000000000001598       0x60 app/libapp.a(nrf_cleanup.c.obj)
                0x0000000000001598                nrf_cleanup_peripheral
 .text.cbvprintf_package
                0x00000000000015f8      0x3a4 zephyr/libzephyr.a(cbprintf_packaged.c.obj)
                0x00000000000015f8                cbvprintf_package
 .text.__printk_hook_install
                0x000000000000199c        0xc zephyr/libzephyr.a(printk.c.obj)
                0x000000000000199c                __printk_hook_install
 .text.process_event
                0x00000000000019a8      0x21c zephyr/libzephyr.a(onoff.c.obj)
 .text.z_cbvprintf_impl
                0x0000000000001bc4      0x764 zephyr/libzephyr.a(cbprintf_complete.c.obj)
                0x0000000000001bc4                z_cbvprintf_impl
 .text.sys_reboot
                0x0000000000002328       0x30 zephyr/libzephyr.a(reboot.c.obj)
                0x0000000000002328                sys_reboot
 .text.z_arm_platform_init
                0x0000000000002358        0x4 zephyr/libzephyr.a(soc_nrf_common.S.obj)
                0x0000000000002358                z_arm_platform_init
 .text.z_log_init.constprop.0.isra.0
                0x000000000000235c       0xc0 zephyr/libzephyr.a(log_core.c.obj)
 .text.log_format_func_t_get
                0x000000000000241c        0xc zephyr/libzephyr.a(log_core.c.obj)
                0x000000000000241c                log_format_func_t_get
 .text.log_set_timestamp_func
                0x0000000000002428       0x20 zephyr/libzephyr.a(log_core.c.obj)
                0x0000000000002428                log_set_timestamp_func
 .text.log_core_init
                0x0000000000002448       0x28 zephyr/libzephyr.a(log_core.c.obj)
                0x0000000000002448                log_core_init
 .text.z_impl_log_panic
                0x0000000000002470       0x3c zephyr/libzephyr.a(log_core.c.obj)
                0x0000000000002470                z_impl_log_panic
 .text.z_log_dropped
                0x00000000000024ac       0x30 zephyr/libzephyr.a(log_core.c.obj)
                0x00000000000024ac                z_log_dropped
 .text.z_log_msg_commit
                0x00000000000024dc       0x38 zephyr/libzephyr.a(log_core.c.obj)
                0x00000000000024dc                z_log_msg_commit
 .text.log_source_name_get
                0x0000000000002514       0x1c zephyr/libzephyr.a(log_mgmt.c.obj)
                0x0000000000002514                log_source_name_get
 .text.log_backend_enable
                0x0000000000002530       0x28 zephyr/libzephyr.a(log_mgmt.c.obj)
                0x0000000000002530                log_backend_enable
 .text.z_impl_z_log_msg_runtime_vcreate
                0x0000000000002558       0x8c zephyr/libzephyr.a(log_msg.c.obj)
                0x0000000000002558                z_impl_z_log_msg_runtime_vcreate
 .text.print_formatted
                0x00000000000025e4       0x24 zephyr/libzephyr.a(log_output.c.obj)
 .text.newline_print
                0x0000000000002608       0x1c zephyr/libzephyr.a(log_output.c.obj)
 .text.log_output_process
                0x0000000000002624      0x2a4 zephyr/libzephyr.a(log_output.c.obj)
                0x0000000000002624                log_output_process
 .text.log_output_msg_process
                0x00000000000028c8       0x70 zephyr/libzephyr.a(log_output.c.obj)
                0x00000000000028c8                log_output_msg_process
 .text.log_output_timestamp_freq_set
                0x0000000000002938       0x2c zephyr/libzephyr.a(log_output.c.obj)
                0x0000000000002938                log_output_timestamp_freq_set
 .text.log_backend_rtt_init
                0x0000000000002964        0xc zephyr/libzephyr.a(log_backend_rtt.c.obj)
 .text.format_set
                0x0000000000002970        0xc zephyr/libzephyr.a(log_backend_rtt.c.obj)
 .text.panic    0x000000000000297c       0x14 zephyr/libzephyr.a(log_backend_rtt.c.obj)
 .text.process  0x0000000000002990       0x24 zephyr/libzephyr.a(log_backend_rtt.c.obj)
 .text.data_out_block_mode
                0x00000000000029b4       0x70 zephyr/libzephyr.a(log_backend_rtt.c.obj)
 .text.format_set
                0x0000000000002a24        0xc zephyr/libzephyr.a(log_backend_uart.c.obj)
 .text.panic    0x0000000000002a30       0x14 zephyr/libzephyr.a(log_backend_uart.c.obj)
 .text.process  0x0000000000002a44       0x24 zephyr/libzephyr.a(log_backend_uart.c.obj)
 .text.char_out
                0x0000000000002a68       0x24 zephyr/libzephyr.a(log_backend_uart.c.obj)
 .text.flash_area_open
                0x0000000000002a8c       0x50 zephyr/libzephyr.a(flash_map.c.obj)
                0x0000000000002a8c                flash_area_open
 .text.flash_area_get_sectors
                0x0000000000002adc       0x60 zephyr/libzephyr.a(flash_map_layout.c.obj)
                0x0000000000002adc                flash_area_get_sectors
 .text.nrf_cc3xx_platform_abort_init
                0x0000000000002b3c        0xc zephyr/libzephyr.a(nrf_cc3xx_platform_abort_zephyr.c.obj)
                0x0000000000002b3c                nrf_cc3xx_platform_abort_init
 .text.z_arm_cpu_idle_init
                0x0000000000002b48        0xc zephyr/arch/arch/arm/core/aarch32/libarch__arm__core__aarch32.a(cpu_idle.S.obj)
                0x0000000000002b48                z_arm_cpu_idle_init
 .text.arch_cpu_idle
                0x0000000000002b54       0x1c zephyr/arch/arch/arm/core/aarch32/libarch__arm__core__aarch32.a(cpu_idle.S.obj)
                0x0000000000002b54                arch_cpu_idle
 .text.arch_cpu_atomic_idle
                0x0000000000002b70       0x18 zephyr/arch/arch/arm/core/aarch32/libarch__arm__core__aarch32.a(cpu_idle.S.obj)
                0x0000000000002b70                arch_cpu_atomic_idle
 .text.z_arm_fatal_error
                0x0000000000002b88       0xa0 zephyr/arch/arch/arm/core/aarch32/libarch__arm__core__aarch32.a(fatal.c.obj)
                0x0000000000002b88                z_arm_fatal_error
 .text.arch_irq_enable
                0x0000000000002c28       0x1c zephyr/arch/arch/arm/core/aarch32/libarch__arm__core__aarch32.a(irq_manage.c.obj)
                0x0000000000002c28                arch_irq_enable
 .text.arch_irq_disable
                0x0000000000002c44       0x28 zephyr/arch/arch/arm/core/aarch32/libarch__arm__core__aarch32.a(irq_manage.c.obj)
                0x0000000000002c44                arch_irq_disable
 .text.arch_irq_is_enabled
                0x0000000000002c6c       0x1c zephyr/arch/arch/arm/core/aarch32/libarch__arm__core__aarch32.a(irq_manage.c.obj)
                0x0000000000002c6c                arch_irq_is_enabled
 .text.z_arm_irq_priority_set
                0x0000000000002c88       0x30 zephyr/arch/arch/arm/core/aarch32/libarch__arm__core__aarch32.a(irq_manage.c.obj)
                0x0000000000002c88                z_arm_irq_priority_set
 .text.z_SysNmiOnReset
                0x0000000000002cb8        0x8 zephyr/arch/arch/arm/core/aarch32/libarch__arm__core__aarch32.a(nmi_on_reset.S.obj)
                0x0000000000002cb8                z_SysNmiOnReset
 .text.z_arm_prep_c
                0x0000000000002cc0       0x38 zephyr/arch/arch/arm/core/aarch32/libarch__arm__core__aarch32.a(prep_c.c.obj)
                0x0000000000002cc0                z_arm_prep_c
 .text.z_arm_svc
                0x0000000000002cf8       0x20 zephyr/arch/arch/arm/core/aarch32/libarch__arm__core__aarch32.a(swap_helper.S.obj)
                0x0000000000002cf8                z_arm_svc
 .text.z_arm_switch_to_main_no_multithreading
                0x0000000000002d18       0x30 zephyr/arch/arch/arm/core/aarch32/libarch__arm__core__aarch32.a(thread.c.obj)
                0x0000000000002d18                z_arm_switch_to_main_no_multithreading
 .text._isr_wrapper
                0x0000000000002d48       0x28 zephyr/arch/arch/arm/core/aarch32/libarch__arm__core__aarch32.a(isr_wrapper.S.obj)
                0x0000000000002d48                _isr_wrapper
 .text._HandlerModeExit
                0x0000000000002d70        0x4 zephyr/arch/arch/arm/core/aarch32/cortex_m/libarch__arm__core__aarch32__cortex_m.a(exc_exit.S.obj)
                0x0000000000002d70                z_arm_int_exit
                0x0000000000002d70                z_arm_exc_exit
 .text.mem_manage_fault.constprop.0
                0x0000000000002d74      0x130 zephyr/arch/arch/arm/core/aarch32/cortex_m/libarch__arm__core__aarch32__cortex_m.a(fault.c.obj)
 .text.bus_fault.constprop.0
                0x0000000000002ea4      0x13c zephyr/arch/arch/arm/core/aarch32/cortex_m/libarch__arm__core__aarch32__cortex_m.a(fault.c.obj)
 .text.usage_fault.constprop.0
                0x0000000000002fe0      0x108 zephyr/arch/arch/arm/core/aarch32/cortex_m/libarch__arm__core__aarch32__cortex_m.a(fault.c.obj)
 .text.z_arm_fault
                0x00000000000030e8      0x200 zephyr/arch/arch/arm/core/aarch32/cortex_m/libarch__arm__core__aarch32__cortex_m.a(fault.c.obj)
                0x00000000000030e8                z_arm_fault
 .text.z_arm_fault_init
                0x00000000000032e8       0x10 zephyr/arch/arch/arm/core/aarch32/cortex_m/libarch__arm__core__aarch32__cortex_m.a(fault.c.obj)
                0x00000000000032e8                z_arm_fault_init
 .text.__fault  0x00000000000032f8       0x14 zephyr/arch/arch/arm/core/aarch32/cortex_m/libarch__arm__core__aarch32__cortex_m.a(fault_s.S.obj)
                0x00000000000032f8                z_arm_usage_fault
                0x00000000000032f8                z_arm_mpu_fault
                0x00000000000032f8                z_arm_exc_spurious
                0x00000000000032f8                z_arm_debug_monitor
                0x00000000000032f8                z_arm_hard_fault
                0x00000000000032f8                z_arm_bus_fault
 .text.z_arm_interrupt_init
                0x000000000000330c       0x18 zephyr/arch/arch/arm/core/aarch32/cortex_m/libarch__arm__core__aarch32__cortex_m.a(irq_init.c.obj)
                0x000000000000330c                z_arm_interrupt_init
 .text._reset_section
                0x0000000000003324       0x54 zephyr/arch/arch/arm/core/aarch32/cortex_m/libarch__arm__core__aarch32__cortex_m.a(reset.S.obj)
                0x0000000000003324                __start
                0x0000000000003324                z_arm_reset
 .text.sys_arch_reboot
                0x0000000000003378       0x24 zephyr/arch/arch/arm/core/aarch32/cortex_m/libarch__arm__core__aarch32__cortex_m.a(scb.c.obj)
                0x0000000000003378                sys_arch_reboot
 .text.z_arm_clear_arm_mpu_config
                0x000000000000339c       0x24 zephyr/arch/arch/arm/core/aarch32/cortex_m/libarch__arm__core__aarch32__cortex_m.a(scb.c.obj)
                0x000000000000339c                z_arm_clear_arm_mpu_config
 .text.z_arm_init_arch_hw_at_boot
                0x00000000000033c0       0x64 zephyr/arch/arch/arm/core/aarch32/cortex_m/libarch__arm__core__aarch32__cortex_m.a(scb.c.obj)
                0x00000000000033c0                z_arm_init_arch_hw_at_boot
 .text.z_arm_configure_static_mpu_regions
                0x0000000000003424       0x18 zephyr/arch/arch/arm/core/aarch32/mpu/libarch__arm__core__aarch32__mpu.a(arm_core_mpu.c.obj)
                0x0000000000003424                z_arm_configure_static_mpu_regions
 .text.mpu_configure_regions
                0x000000000000343c       0xb4 zephyr/arch/arch/arm/core/aarch32/mpu/libarch__arm__core__aarch32__mpu.a(arm_mpu.c.obj)
 .text.arm_core_mpu_enable
                0x00000000000034f0       0x18 zephyr/arch/arch/arm/core/aarch32/mpu/libarch__arm__core__aarch32__mpu.a(arm_mpu.c.obj)
                0x00000000000034f0                arm_core_mpu_enable
 .text.arm_core_mpu_disable
                0x0000000000003508       0x14 zephyr/arch/arch/arm/core/aarch32/mpu/libarch__arm__core__aarch32__mpu.a(arm_mpu.c.obj)
                0x0000000000003508                arm_core_mpu_disable
 .text.arm_core_mpu_configure_static_mpu_regions
                0x000000000000351c       0x14 zephyr/arch/arch/arm/core/aarch32/mpu/libarch__arm__core__aarch32__mpu.a(arm_mpu.c.obj)
                0x000000000000351c                arm_core_mpu_configure_static_mpu_regions
 .text.z_arm_mpu_init
                0x0000000000003530       0x60 zephyr/arch/arch/arm/core/aarch32/mpu/libarch__arm__core__aarch32__mpu.a(arm_mpu.c.obj)
                0x0000000000003530                z_arm_mpu_init
 .text.__stdout_hook_install
                0x0000000000003590        0xc zephyr/lib/libc/minimal/liblib__libc__minimal.a(stdout_console.c.obj)
                0x0000000000003590                __stdout_hook_install
 .text.nordicsemi_nrf52_init
                0x000000000000359c       0x44 zephyr/soc/soc/arm/nordic_nrf/nrf52/libsoc__arm__nordic_nrf__nrf52.a(soc.c.obj)
 .text.arch_busy_wait
                0x00000000000035e0       0x14 zephyr/soc/soc/arm/nordic_nrf/nrf52/libsoc__arm__nordic_nrf__nrf52.a(soc.c.obj)
                0x00000000000035e0                arch_busy_wait
 .text.onoff_stop
                0x00000000000035f4       0x30 zephyr/drivers/clock_control/libdrivers__clock_control.a(clock_control_nrf.c.obj)
 .text.onoff_start
                0x0000000000003624       0x44 zephyr/drivers/clock_control/libdrivers__clock_control.a(clock_control_nrf.c.obj)
 .text.generic_hfclk_stop
                0x0000000000003668       0x34 zephyr/drivers/clock_control/libdrivers__clock_control.a(clock_control_nrf.c.obj)
 .text.clk_init
                0x000000000000369c       0x58 zephyr/drivers/clock_control/libdrivers__clock_control.a(clock_control_nrf.c.obj)
 .text.clkstarted_handle.constprop.0
                0x00000000000036f4       0x34 zephyr/drivers/clock_control/libdrivers__clock_control.a(clock_control_nrf.c.obj)
 .text.clock_event_handler
                0x0000000000003728       0x1c zephyr/drivers/clock_control/libdrivers__clock_control.a(clock_control_nrf.c.obj)
 .text.generic_hfclk_start
                0x0000000000003744       0x64 zephyr/drivers/clock_control/libdrivers__clock_control.a(clock_control_nrf.c.obj)
 .text.z_nrf_clock_control_lf_on
                0x00000000000037a8       0xf4 zephyr/drivers/clock_control/libdrivers__clock_control.a(clock_control_nrf.c.obj)
                0x00000000000037a8                z_nrf_clock_control_lf_on
 .text.uart_console_init
                0x000000000000389c       0x28 zephyr/drivers/console/libdrivers__console.a(uart_console.c.obj)
 .text.console_out
                0x00000000000038c4       0x28 zephyr/drivers/console/libdrivers__console.a(uart_console.c.obj)
 .text.qspi_get_zephyr_ret_code
                0x00000000000038ec       0x1c zephyr/drivers/flash/libdrivers__flash.a(nrf_qspi_nor.c.obj)
 .text.qspi_nor_pages_layout
                0x0000000000003908       0x10 zephyr/drivers/flash/libdrivers__flash.a(nrf_qspi_nor.c.obj)
 .text.qspi_flash_get_parameters
                0x0000000000003918        0x8 zephyr/drivers/flash/libdrivers__flash.a(nrf_qspi_nor.c.obj)
 .text.qspi_device_init
                0x0000000000003920       0x34 zephyr/drivers/flash/libdrivers__flash.a(nrf_qspi_nor.c.obj)
 .text.qspi_send_cmd.constprop.0
                0x0000000000003954       0x84 zephyr/drivers/flash/libdrivers__flash.a(nrf_qspi_nor.c.obj)
 .text.qspi_wait_for_completion.isra.0
                0x00000000000039d8       0x38 zephyr/drivers/flash/libdrivers__flash.a(nrf_qspi_nor.c.obj)
 .text.qspi_device_uninit.isra.0
                0x0000000000003a10       0x30 zephyr/drivers/flash/libdrivers__flash.a(nrf_qspi_nor.c.obj)
 .text.qspi_nor_read
                0x0000000000003a40      0x154 zephyr/drivers/flash/libdrivers__flash.a(nrf_qspi_nor.c.obj)
 .text.qspi_nor_write
                0x0000000000003b94      0x124 zephyr/drivers/flash/libdrivers__flash.a(nrf_qspi_nor.c.obj)
 .text.qspi_nor_init
                0x0000000000003cb8      0x1c8 zephyr/drivers/flash/libdrivers__flash.a(nrf_qspi_nor.c.obj)
 .text.qspi_nor_erase
                0x0000000000003e80      0x134 zephyr/drivers/flash/libdrivers__flash.a(nrf_qspi_nor.c.obj)
 .text.flash_nrf_pages_layout
                0x0000000000003fb4       0x10 zephyr/drivers/flash/libdrivers__flash.a(soc_flash_nrf.c.obj)
 .text.flash_nrf_get_parameters
                0x0000000000003fc4        0x8 zephyr/drivers/flash/libdrivers__flash.a(soc_flash_nrf.c.obj)
 .text.nrf_flash_init
                0x0000000000003fcc       0x18 zephyr/drivers/flash/libdrivers__flash.a(soc_flash_nrf.c.obj)
 .text.flash_nrf_read
                0x0000000000003fe4       0x4c zephyr/drivers/flash/libdrivers__flash.a(soc_flash_nrf.c.obj)
 .text.restore_pofwarn
                0x0000000000004030       0x30 zephyr/drivers/flash/libdrivers__flash.a(soc_flash_nrf.c.obj)
 .text.suspend_pofwarn
                0x0000000000004060       0x58 zephyr/drivers/flash/libdrivers__flash.a(soc_flash_nrf.c.obj)
 .text.flash_nrf_erase
                0x00000000000040b8       0xa0 zephyr/drivers/flash/libdrivers__flash.a(soc_flash_nrf.c.obj)
 .text.flash_nrf_write
                0x0000000000004158       0xbc zephyr/drivers/flash/libdrivers__flash.a(soc_flash_nrf.c.obj)
 .text.gpio_nrfx_pin_interrupt_configure
                0x0000000000004214       0xe4 zephyr/drivers/gpio/libdrivers__gpio.a(gpio_nrfx.c.obj)
 .text.gpio_nrfx_init
                0x00000000000042f8       0x38 zephyr/drivers/gpio/libdrivers__gpio.a(gpio_nrfx.c.obj)
 .text.nrfx_gpio_handler
                0x0000000000004330       0x4c zephyr/drivers/gpio/libdrivers__gpio.a(gpio_nrfx.c.obj)
 .text.gpio_nrfx_pin_configure
                0x000000000000437c      0x128 zephyr/drivers/gpio/libdrivers__gpio.a(gpio_nrfx.c.obj)
 .text.nrf_gpio_pin_port_decode
                0x00000000000044a4       0x20 zephyr/drivers/pinctrl/libdrivers__pinctrl.a(pinctrl_nrf.c.obj)
 .text.pinctrl_configure_pins
                0x00000000000044c4      0x190 zephyr/drivers/pinctrl/libdrivers__pinctrl.a(pinctrl_nrf.c.obj)
                0x00000000000044c4                pinctrl_configure_pins
 .text.z_log_msg_runtime_create.constprop.0
                0x0000000000004654       0x24 zephyr/drivers/serial/libdrivers__serial.a(uart_nrfx_uarte.c.obj)
 .text.uarte_nrfx_poll_out
                0x0000000000004678       0xc4 zephyr/drivers/serial/libdrivers__serial.a(uart_nrfx_uarte.c.obj)
 .text.uarte_nrfx_configure
                0x000000000000473c      0x168 zephyr/drivers/serial/libdrivers__serial.a(uart_nrfx_uarte.c.obj)
 .text.uarte_0_init
                0x00000000000048a4      0x104 zephyr/drivers/serial/libdrivers__serial.a(uart_nrfx_uarte.c.obj)
 .text.compare_int_lock
                0x00000000000049a8       0x48 zephyr/drivers/timer/libdrivers__timer.a(nrf_rtc_timer.c.obj)
 .text.sys_clock_timeout_handler
                0x00000000000049f0       0x48 zephyr/drivers/timer/libdrivers__timer.a(nrf_rtc_timer.c.obj)
 .text.compare_int_unlock
                0x0000000000004a38       0x5c zephyr/drivers/timer/libdrivers__timer.a(nrf_rtc_timer.c.obj)
 .text.z_nrf_rtc_timer_read
                0x0000000000004a94       0x44 zephyr/drivers/timer/libdrivers__timer.a(nrf_rtc_timer.c.obj)
                0x0000000000004a94                z_nrf_rtc_timer_read
 .text.compare_set
                0x0000000000004ad8      0x130 zephyr/drivers/timer/libdrivers__timer.a(nrf_rtc_timer.c.obj)
 .text.sys_clock_driver_init
                0x0000000000004c08       0x90 zephyr/drivers/timer/libdrivers__timer.a(nrf_rtc_timer.c.obj)
 .text.rtc_nrf_isr
                0x0000000000004c98       0xd4 zephyr/drivers/timer/libdrivers__timer.a(nrf_rtc_timer.c.obj)
                0x0000000000004c98                rtc_nrf_isr
 .text.sys_clock_set_timeout
                0x0000000000004d6c       0x68 zephyr/drivers/timer/libdrivers__timer.a(nrf_rtc_timer.c.obj)
                0x0000000000004d6c                sys_clock_set_timeout
 .text.sys_clock_elapsed
                0x0000000000004dd4       0x14 zephyr/drivers/timer/libdrivers__timer.a(nrf_rtc_timer.c.obj)
                0x0000000000004dd4                sys_clock_elapsed
 .text.sys_clock_disable
                0x0000000000004de8       0x30 zephyr/drivers/timer/libdrivers__timer.a(nrf_rtc_timer.c.obj)
                0x0000000000004de8                sys_clock_disable
 .text.z_log_msg_runtime_create.constprop.0
                0x0000000000004e18       0x24 modules/nrf/lib/fatal_error/lib..__nrf__lib__fatal_error.a(fatal_error.c.obj)
 .text.k_sys_fatal_error_handler
                0x0000000000004e3c       0x2c modules/nrf/lib/fatal_error/lib..__nrf__lib__fatal_error.a(fatal_error.c.obj)
                0x0000000000004e3c                k_sys_fatal_error_handler
 .text.boot_write_magic
                0x0000000000004e68       0x40 modules/mcuboot/boot/bootutil/zephyr/libmcuboot_util.a(bootutil_public.c.obj)
                0x0000000000004e68                boot_write_magic
 .text.boot_read_swap_state
                0x0000000000004ea8       0xac modules/mcuboot/boot/bootutil/zephyr/libmcuboot_util.a(bootutil_public.c.obj)
                0x0000000000004ea8                boot_read_swap_state
 .text.boot_swap_type_multi
                0x0000000000004f54      0x128 modules/mcuboot/boot/bootutil/zephyr/libmcuboot_util.a(bootutil_public.c.obj)
                0x0000000000004f54                boot_swap_type_multi
 .text.mbedtls_calloc
                0x000000000000507c        0xc modules/mbedtls/libmbedTLSBase.a(platform.c.obj)
                0x000000000000507c                mbedtls_calloc
 .text.mbedtls_free
                0x0000000000005088        0xc modules/mbedtls/libmbedTLSBase.a(platform.c.obj)
                0x0000000000005088                mbedtls_free
 .text.mbedtls_platform_set_calloc_free
                0x0000000000005094       0x14 modules/mbedtls/libmbedTLSBase.a(platform.c.obj)
                0x0000000000005094                mbedtls_platform_set_calloc_free
 .text.mbedtls_hash_info_psa_from_md
                0x00000000000050a8       0x18 modules/mbedtls/libmbedTLSBase.a(hash_info.c.obj)
                0x00000000000050a8                mbedtls_hash_info_psa_from_md
 .text.verify_header
                0x00000000000050c0       0x40 modules/mbedtls/libmbedTLSBase.a(memory_buffer_alloc.c.obj)
 .text.verify_chain
                0x0000000000005100       0x3c modules/mbedtls/libmbedTLSBase.a(memory_buffer_alloc.c.obj)
 .text.buffer_alloc_calloc
                0x000000000000513c      0x114 modules/mbedtls/libmbedTLSBase.a(memory_buffer_alloc.c.obj)
 .text.buffer_alloc_free
                0x0000000000005250      0x124 modules/mbedtls/libmbedTLSBase.a(memory_buffer_alloc.c.obj)
 .text.mbedtls_memory_buffer_alloc_init
                0x0000000000005374       0x68 modules/mbedtls/libmbedTLSBase.a(memory_buffer_alloc.c.obj)
                0x0000000000005374                mbedtls_memory_buffer_alloc_init
 .text.rsa_check_context.constprop.0
                0x00000000000053dc       0xb8 modules/mbedtls/libmbedTLSBase.a(rsa.c.obj)
 .text.mbedtls_rsa_set_padding
                0x0000000000005494       0x2c modules/mbedtls/libmbedTLSBase.a(rsa.c.obj)
                0x0000000000005494                mbedtls_rsa_set_padding
 .text.mbedtls_rsa_check_pubkey
                0x00000000000054c0       0x4c modules/mbedtls/libmbedTLSBase.a(rsa.c.obj)
                0x00000000000054c0                mbedtls_rsa_check_pubkey
 .text.mbedtls_rsa_public
                0x000000000000550c       0x90 modules/mbedtls/libmbedTLSBase.a(rsa.c.obj)
                0x000000000000550c                mbedtls_rsa_public
 .text.mbedtls_sha256_starts
                0x000000000000559c       0xc8 modules/mbedtls/libmbedTLSBase.a(sha256.c.obj)
                0x000000000000559c                mbedtls_sha256_starts
 .text.mbedtls_internal_sha256_process
                0x0000000000005664      0x148 modules/mbedtls/libmbedTLSBase.a(sha256.c.obj)
                0x0000000000005664                mbedtls_internal_sha256_process
 .text.nrf52_errata_98
                0x00000000000057ac       0x24 modules/hal_nordic/nrfx/libmodules__hal_nordic__nrfx.a(system_nrf52840.c.obj)
 .text.nvmc_wait
                0x00000000000057d0       0x10 modules/hal_nordic/nrfx/libmodules__hal_nordic__nrfx.a(system_nrf52840.c.obj)
                0x00000000000057d0                nvmc_wait
 .text.SystemInit
                0x00000000000057e0      0x1bc modules/hal_nordic/nrfx/libmodules__hal_nordic__nrfx.a(system_nrf52840.c.obj)
                0x00000000000057e0                SystemInit
 .text.nrfx_flag32_alloc
                0x000000000000599c       0x48 modules/hal_nordic/nrfx/libmodules__hal_nordic__nrfx.a(nrfx_flag32_allocator.c.obj)
                0x000000000000599c                nrfx_flag32_alloc
 .text.nrfx_flag32_free
                0x00000000000059e4       0x40 modules/hal_nordic/nrfx/libmodules__hal_nordic__nrfx.a(nrfx_flag32_allocator.c.obj)
                0x00000000000059e4                nrfx_flag32_free
 .text.nrfx_gppi_channels_enable
                0x0000000000005a24        0xc modules/hal_nordic/nrfx/libmodules__hal_nordic__nrfx.a(nrfx_gppi_ppi.c.obj)
                0x0000000000005a24                nrfx_gppi_channels_enable
 .text.clock_stop
                0x0000000000005a30       0xc4 modules/hal_nordic/nrfx/libmodules__hal_nordic__nrfx.a(nrfx_clock.c.obj)
 .text.nrfx_clock_init
                0x0000000000005af4       0x20 modules/hal_nordic/nrfx/libmodules__hal_nordic__nrfx.a(nrfx_clock.c.obj)
                0x0000000000005af4                nrfx_clock_init
 .text.nrfx_power_clock_irq_handler
                0x0000000000005b14       0x68 modules/hal_nordic/nrfx/libmodules__hal_nordic__nrfx.a(nrfx_clock.c.obj)
                0x0000000000005b14                nrfx_power_clock_irq_handler
 .text.nrf_gpio_pin_port_decode
                0x0000000000005b7c       0x20 modules/hal_nordic/nrfx/libmodules__hal_nordic__nrfx.a(nrfx_gpiote.c.obj)
 .text.get_pin_idx
                0x0000000000005b9c       0x14 modules/hal_nordic/nrfx/libmodules__hal_nordic__nrfx.a(nrfx_gpiote.c.obj)
 .text.pin_in_use_by_te
                0x0000000000005bb0       0x18 modules/hal_nordic/nrfx/libmodules__hal_nordic__nrfx.a(nrfx_gpiote.c.obj)
 .text.pin_is_output
                0x0000000000005bc8       0x18 modules/hal_nordic/nrfx/libmodules__hal_nordic__nrfx.a(nrfx_gpiote.c.obj)
 .text.pin_te_get
                0x0000000000005be0       0x18 modules/hal_nordic/nrfx/libmodules__hal_nordic__nrfx.a(nrfx_gpiote.c.obj)
 .text.call_handler
                0x0000000000005bf8       0x40 modules/hal_nordic/nrfx/libmodules__hal_nordic__nrfx.a(nrfx_gpiote.c.obj)
 .text.release_handler
                0x0000000000005c38       0x58 modules/hal_nordic/nrfx/libmodules__hal_nordic__nrfx.a(nrfx_gpiote.c.obj)
 .text.__nrfy_internal_gpiote_events_process.constprop.0
                0x0000000000005c90       0x54 modules/hal_nordic/nrfx/libmodules__hal_nordic__nrfx.a(nrfx_gpiote.c.obj)
 .text.nrfx_gpiote_input_configure
                0x0000000000005ce4      0x180 modules/hal_nordic/nrfx/libmodules__hal_nordic__nrfx.a(nrfx_gpiote.c.obj)
                0x0000000000005ce4                nrfx_gpiote_input_configure
 .text.nrfx_gpiote_output_configure
                0x0000000000005e64       0xf4 modules/hal_nordic/nrfx/libmodules__hal_nordic__nrfx.a(nrfx_gpiote.c.obj)
                0x0000000000005e64                nrfx_gpiote_output_configure
 .text.nrfx_gpiote_global_callback_set
                0x0000000000005f58        0xc modules/hal_nordic/nrfx/libmodules__hal_nordic__nrfx.a(nrfx_gpiote.c.obj)
                0x0000000000005f58                nrfx_gpiote_global_callback_set
 .text.nrfx_gpiote_channel_get
                0x0000000000005f64       0x30 modules/hal_nordic/nrfx/libmodules__hal_nordic__nrfx.a(nrfx_gpiote.c.obj)
                0x0000000000005f64                nrfx_gpiote_channel_get
 .text.nrfx_gpiote_init
                0x0000000000005f94       0x50 modules/hal_nordic/nrfx/libmodules__hal_nordic__nrfx.a(nrfx_gpiote.c.obj)
                0x0000000000005f94                nrfx_gpiote_init
 .text.nrfx_gpiote_is_init
                0x0000000000005fe4       0x14 modules/hal_nordic/nrfx/libmodules__hal_nordic__nrfx.a(nrfx_gpiote.c.obj)
                0x0000000000005fe4                nrfx_gpiote_is_init
 .text.nrfx_gpiote_channel_free
                0x0000000000005ff8        0xc modules/hal_nordic/nrfx/libmodules__hal_nordic__nrfx.a(nrfx_gpiote.c.obj)
                0x0000000000005ff8                nrfx_gpiote_channel_free
 .text.nrfx_gpiote_channel_alloc
                0x0000000000006004        0xc modules/hal_nordic/nrfx/libmodules__hal_nordic__nrfx.a(nrfx_gpiote.c.obj)
                0x0000000000006004                nrfx_gpiote_channel_alloc
 .text.nrfx_gpiote_trigger_enable
                0x0000000000006010       0x9c modules/hal_nordic/nrfx/libmodules__hal_nordic__nrfx.a(nrfx_gpiote.c.obj)
                0x0000000000006010                nrfx_gpiote_trigger_enable
 .text.nrfx_gpiote_trigger_disable
                0x00000000000060ac       0x4c modules/hal_nordic/nrfx/libmodules__hal_nordic__nrfx.a(nrfx_gpiote.c.obj)
                0x00000000000060ac                nrfx_gpiote_trigger_disable
 .text.nrfx_gpiote_pin_uninit
                0x00000000000060f8       0x80 modules/hal_nordic/nrfx/libmodules__hal_nordic__nrfx.a(nrfx_gpiote.c.obj)
                0x00000000000060f8                nrfx_gpiote_pin_uninit
 .text.nrfx_gpiote_irq_handler
                0x0000000000006178      0x1a8 modules/hal_nordic/nrfx/libmodules__hal_nordic__nrfx.a(nrfx_gpiote.c.obj)
                0x0000000000006178                nrfx_gpiote_irq_handler
 .text.nvmc_word_write
                0x0000000000006320       0x18 modules/hal_nordic/nrfx/libmodules__hal_nordic__nrfx.a(nrfx_nvmc.c.obj)
 .text.nrfx_nvmc_page_erase
                0x0000000000006338       0x40 modules/hal_nordic/nrfx/libmodules__hal_nordic__nrfx.a(nrfx_nvmc.c.obj)
                0x0000000000006338                nrfx_nvmc_page_erase
 .text.nrfx_nvmc_word_write
                0x0000000000006378       0x1c modules/hal_nordic/nrfx/libmodules__hal_nordic__nrfx.a(nrfx_nvmc.c.obj)
                0x0000000000006378                nrfx_nvmc_word_write
 .text.nrfx_nvmc_bytes_write
                0x0000000000006394       0x84 modules/hal_nordic/nrfx/libmodules__hal_nordic__nrfx.a(nrfx_nvmc.c.obj)
                0x0000000000006394                nrfx_nvmc_bytes_write
 .text.nrfx_ppi_channel_alloc
                0x0000000000006418        0xc modules/hal_nordic/nrfx/libmodules__hal_nordic__nrfx.a(nrfx_ppi.c.obj)
                0x0000000000006418                nrfx_ppi_channel_alloc
 .text.qspi_xfer
                0x0000000000006424       0xf8 modules/hal_nordic/nrfx/libmodules__hal_nordic__nrfx.a(nrfx_qspi.c.obj)
 .text.qspi_ready_wait
                0x000000000000651c       0x2c modules/hal_nordic/nrfx/libmodules__hal_nordic__nrfx.a(nrfx_qspi.c.obj)
 .text.qspi_event_xfer_handle.constprop.0
                0x0000000000006548       0x28 modules/hal_nordic/nrfx/libmodules__hal_nordic__nrfx.a(nrfx_qspi.c.obj)
 .text.nrf_gpio_cfg.constprop.0
                0x0000000000006570       0x44 modules/hal_nordic/nrfx/libmodules__hal_nordic__nrfx.a(nrfx_qspi.c.obj)
 .text.nrf_qspi_cinstrdata_get.constprop.0
                0x00000000000065b4       0x40 modules/hal_nordic/nrfx/libmodules__hal_nordic__nrfx.a(nrfx_qspi.c.obj)
 .text.nrf_qspi_cinstrdata_set.constprop.0
                0x00000000000065f4       0x64 modules/hal_nordic/nrfx/libmodules__hal_nordic__nrfx.a(nrfx_qspi.c.obj)
 .text.qspi_configure
                0x0000000000006658      0x150 modules/hal_nordic/nrfx/libmodules__hal_nordic__nrfx.a(nrfx_qspi.c.obj)
 .text.nrfx_qspi_init
                0x00000000000067a8       0x58 modules/hal_nordic/nrfx/libmodules__hal_nordic__nrfx.a(nrfx_qspi.c.obj)
                0x00000000000067a8                nrfx_qspi_init
 .text.nrfx_qspi_cinstr_xfer
                0x0000000000006800       0x98 modules/hal_nordic/nrfx/libmodules__hal_nordic__nrfx.a(nrfx_qspi.c.obj)
                0x0000000000006800                nrfx_qspi_cinstr_xfer
 .text.nrfx_qspi_mem_busy_check
                0x0000000000006898       0x44 modules/hal_nordic/nrfx/libmodules__hal_nordic__nrfx.a(nrfx_qspi.c.obj)
                0x0000000000006898                nrfx_qspi_mem_busy_check
 .text.nrfx_qspi_uninit
                0x00000000000068dc       0xac modules/hal_nordic/nrfx/libmodules__hal_nordic__nrfx.a(nrfx_qspi.c.obj)
                0x00000000000068dc                nrfx_qspi_uninit
 .text.nrfx_qspi_erase
                0x0000000000006988       0x64 modules/hal_nordic/nrfx/libmodules__hal_nordic__nrfx.a(nrfx_qspi.c.obj)
                0x0000000000006988                nrfx_qspi_erase
 .text.nrfx_qspi_irq_handler
                0x00000000000069ec       0x68 modules/hal_nordic/nrfx/libmodules__hal_nordic__nrfx.a(nrfx_qspi.c.obj)
                0x00000000000069ec                nrfx_qspi_irq_handler
 .text._DoInit  0x0000000000006a54       0x60 modules/segger/libmodules__segger.a(SEGGER_RTT.c.obj)
 .text.SEGGER_RTT_WriteSkipNoLock
                0x0000000000006ab4       0x88 modules/segger/libmodules__segger.a(SEGGER_RTT.c.obj)
                0x0000000000006ab4                SEGGER_RTT_WriteSkipNoLock
 .text.SEGGER_RTT_HasDataUp
                0x0000000000006b3c       0x14 modules/segger/libmodules__segger.a(SEGGER_RTT.c.obj)
                0x0000000000006b3c                SEGGER_RTT_HasDataUp
 .text.z_fatal_error
                0x0000000000006b50       0xa8 zephyr/kernel/libkernel.a(fatal.c.obj)
                0x0000000000006b50                z_fatal_error
 .text.z_sys_init_run_level
                0x0000000000006bf8       0x48 zephyr/kernel/libkernel.a(init.c.obj)
 .text.bg_thread_main
                0x0000000000006c40       0x30 zephyr/kernel/libkernel.a(init.c.obj)
 .text.z_bss_zero
                0x0000000000006c70       0x18 zephyr/kernel/libkernel.a(init.c.obj)
                0x0000000000006c70                z_bss_zero
 .text.z_cstart
                0x0000000000006c88       0x7c zephyr/kernel/libkernel.a(init.c.obj)
                0x0000000000006c88                z_cstart
 .text.z_data_copy
                0x0000000000006d04       0x34 zephyr/kernel/libkernel.a(xip.c.obj)
                0x0000000000006d04                z_data_copy
 .text.elapsed  0x0000000000006d38       0x14 zephyr/kernel/libkernel.a(timeout.c.obj)
 .text.next_timeout
                0x0000000000006d4c       0x40 zephyr/kernel/libkernel.a(timeout.c.obj)
 .text.remove_timeout
                0x0000000000006d8c       0x38 zephyr/kernel/libkernel.a(timeout.c.obj)
 .text.sys_clock_announce
                0x0000000000006dc4       0xd0 zephyr/kernel/libkernel.a(timeout.c.obj)
                0x0000000000006dc4                sys_clock_announce
 .text.nrf_cc3xx_platform_init_no_rng
                0x0000000000006e94       0x38 C:/ncs/v2.5.0/nrfxlib/crypto/nrf_cc310_platform/lib/cortex-m4/soft-float/no-interrupts/libnrf_cc310_platform_0.9.18.a(nrf_cc3xx_platform.c.obj)
                0x0000000000006e94                nrf_cc3xx_platform_init_no_rng
 .text.nrf_cc3xx_platform_abort
                0x0000000000006ecc       0x24 C:/ncs/v2.5.0/nrfxlib/crypto/nrf_cc310_platform/lib/cortex-m4/soft-float/no-interrupts/libnrf_cc310_platform_0.9.18.a(nrf_cc3xx_platform_abort.c.obj)
 .text.CC_PalAbort
                0x0000000000006ef0       0x34 C:/ncs/v2.5.0/nrfxlib/crypto/nrf_cc310_platform/lib/cortex-m4/soft-float/no-interrupts/libnrf_cc310_platform_0.9.18.a(nrf_cc3xx_platform_abort.c.obj)
                0x0000000000006ef0                CC_PalAbort
 .text.nrf_cc3xx_platform_set_abort
                0x0000000000006f24       0x10 C:/ncs/v2.5.0/nrfxlib/crypto/nrf_cc310_platform/lib/cortex-m4/soft-float/no-interrupts/libnrf_cc310_platform_0.9.18.a(nrf_cc3xx_platform_abort.c.obj)
                0x0000000000006f24                nrf_cc3xx_platform_set_abort
 .text.mbedtls_platform_zeroize
                0x0000000000006f34       0x14 C:/ncs/v2.5.0/nrfxlib/crypto/nrf_cc310_platform/lib/cortex-m4/soft-float/no-interrupts/libnrf_cc310_platform_0.9.18.a(mbedtls_common.c.obj)
                0x0000000000006f34                mbedtls_platform_zeroize
 .text.CC_LibInitNoRng
                0x0000000000006f48       0x64 C:/ncs/v2.5.0/nrfxlib/crypto/nrf_cc310_platform/lib/cortex-m4/soft-float/no-interrupts/libnrf_cc310_platform_0.9.18.a(cc_lib.c.obj)
                0x0000000000006f48                CC_LibInitNoRng
 .text.CC_HalInit
                0x0000000000006fac        0x4 C:/ncs/v2.5.0/nrfxlib/crypto/nrf_cc310_platform/lib/cortex-m4/soft-float/no-interrupts/libnrf_cc310_platform_0.9.18.a(cc_hal.c.obj)
                0x0000000000006fac                CC_HalInit
 .text.CC_HalTerminate
                0x0000000000006fb0        0x4 C:/ncs/v2.5.0/nrfxlib/crypto/nrf_cc310_platform/lib/cortex-m4/soft-float/no-interrupts/libnrf_cc310_platform_0.9.18.a(cc_hal.c.obj)
                0x0000000000006fb0                CC_HalTerminate
 .text.CC_HalMaskInterrupt
                0x0000000000006fb4        0xc C:/ncs/v2.5.0/nrfxlib/crypto/nrf_cc310_platform/lib/cortex-m4/soft-float/no-interrupts/libnrf_cc310_platform_0.9.18.a(cc_hal.c.obj)
                0x0000000000006fb4                CC_HalMaskInterrupt
 .text.CC_PalInit
                0x0000000000006fc0       0x5c C:/ncs/v2.5.0/nrfxlib/crypto/nrf_cc310_platform/lib/cortex-m4/soft-float/no-interrupts/libnrf_cc310_platform_0.9.18.a(cc_pal.c.obj)
                0x0000000000006fc0                CC_PalInit
 .text.CC_PalTerminate
                0x000000000000701c       0x34 C:/ncs/v2.5.0/nrfxlib/crypto/nrf_cc310_platform/lib/cortex-m4/soft-float/no-interrupts/libnrf_cc310_platform_0.9.18.a(cc_pal.c.obj)
                0x000000000000701c                CC_PalTerminate
 .text.CC_PalDmaInit
                0x0000000000007050        0x4 C:/ncs/v2.5.0/nrfxlib/crypto/nrf_cc310_platform/lib/cortex-m4/soft-float/no-interrupts/libnrf_cc310_platform_0.9.18.a(cc_pal_dma.c.obj)
                0x0000000000007050                CC_PalDmaInit
 .text.CC_PalDmaTerminate
                0x0000000000007054        0x4 C:/ncs/v2.5.0/nrfxlib/crypto/nrf_cc310_platform/lib/cortex-m4/soft-float/no-interrupts/libnrf_cc310_platform_0.9.18.a(cc_pal_dma.c.obj)
                0x0000000000007054                CC_PalDmaTerminate
 .text.CC_PalMutexCreate
                0x0000000000007058       0x14 C:/ncs/v2.5.0/nrfxlib/crypto/nrf_cc310_platform/lib/cortex-m4/soft-float/no-interrupts/libnrf_cc310_platform_0.9.18.a(cc_pal_mutex.c.obj)
                0x0000000000007058                CC_PalMutexCreate
 .text.CC_PalMutexDestroy
                0x000000000000706c       0x14 C:/ncs/v2.5.0/nrfxlib/crypto/nrf_cc310_platform/lib/cortex-m4/soft-float/no-interrupts/libnrf_cc310_platform_0.9.18.a(cc_pal_mutex.c.obj)
                0x000000000000706c                CC_PalMutexDestroy
 .text.CC_PalPowerSaveModeInit
                0x0000000000007080       0x3c C:/ncs/v2.5.0/nrfxlib/crypto/nrf_cc310_platform/lib/cortex-m4/soft-float/no-interrupts/libnrf_cc310_platform_0.9.18.a(cc_pal_pm.c.obj)
                0x0000000000007080                CC_PalPowerSaveModeInit
 .text.CC_PalPowerSaveModeSelect
                0x00000000000070bc       0x84 C:/ncs/v2.5.0/nrfxlib/crypto/nrf_cc310_platform/lib/cortex-m4/soft-float/no-interrupts/libnrf_cc310_platform_0.9.18.a(cc_pal_pm.c.obj)
                0x00000000000070bc                CC_PalPowerSaveModeSelect
 .text.mutex_free
                0x0000000000007140       0x34 C:/ncs/v2.5.0/nrfxlib/crypto/nrf_cc310_platform/lib/cortex-m4/soft-float/no-interrupts/libnrf_cc310_platform_0.9.18.a(nrf_cc3xx_platform_mutex.c.obj)
 .text.mutex_lock
                0x0000000000007174       0x48 C:/ncs/v2.5.0/nrfxlib/crypto/nrf_cc310_platform/lib/cortex-m4/soft-float/no-interrupts/libnrf_cc310_platform_0.9.18.a(nrf_cc3xx_platform_mutex.c.obj)
 .text.mutex_unlock
                0x00000000000071bc       0x38 C:/ncs/v2.5.0/nrfxlib/crypto/nrf_cc310_platform/lib/cortex-m4/soft-float/no-interrupts/libnrf_cc310_platform_0.9.18.a(nrf_cc3xx_platform_mutex.c.obj)
 .text.mutex_init
                0x00000000000071f4       0x20 C:/ncs/v2.5.0/nrfxlib/crypto/nrf_cc310_platform/lib/cortex-m4/soft-float/no-interrupts/libnrf_cc310_platform_0.9.18.a(nrf_cc3xx_platform_mutex.c.obj)
 .text.z_log_msg_runtime_create.constprop.0
                0x0000000000007214       0x1e app/libapp.a(main.c.obj)
 .text.z_log_msg_runtime_create.constprop.0
                0x0000000000007232       0x20 app/libapp.a(flash_map_extended.c.obj)
 .text.flash_area_get_device_id
                0x0000000000007252        0x4 app/libapp.a(flash_map_extended.c.obj)
                0x0000000000007252                flash_area_get_device_id
 .text.flash_area_get_sector
                0x0000000000007256       0x32 app/libapp.a(flash_map_extended.c.obj)
                0x0000000000007256                flash_area_get_sector
 .text.bootutil_tlv_iter_begin
                0x0000000000007288       0x9c app/libapp.a(tlv.c.obj)
                0x0000000000007288                bootutil_tlv_iter_begin
 .text.bootutil_tlv_iter_next
                0x0000000000007324       0x98 app/libapp.a(tlv.c.obj)
                0x0000000000007324                bootutil_tlv_iter_next
 .text.boot_fih_memequal
                0x00000000000073bc        0x4 app/libapp.a(bootutil_misc.c.obj)
                0x00000000000073bc                boot_fih_memequal
 .text.boot_trailer_sz
                0x00000000000073c0        0xa app/libapp.a(bootutil_misc.c.obj)
                0x00000000000073c0                boot_trailer_sz
 .text.boot_status_off
                0x00000000000073ca       0x16 app/libapp.a(bootutil_misc.c.obj)
                0x00000000000073ca                boot_status_off
 .text.boot_read_swap_size
                0x00000000000073e0       0x1c app/libapp.a(bootutil_misc.c.obj)
                0x00000000000073e0                boot_read_swap_size
 .text.boot_write_swap_size
                0x00000000000073fc       0x1e app/libapp.a(bootutil_misc.c.obj)
                0x00000000000073fc                boot_write_swap_size
 .text.boot_read_image_headers
                0x000000000000741a       0x2c app/libapp.a(loader.c.obj)
 .text.z_log_msg_runtime_create.constprop.0
                0x0000000000007446       0x1e app/libapp.a(loader.c.obj)
 .text.boot_read_image_size.constprop.0.isra.0
                0x0000000000007464       0x82 app/libapp.a(loader.c.obj)
 .text.boot_read_sectors
                0x00000000000074e6       0x44 app/libapp.a(loader.c.obj)
 .text.boot_status_reset
                0x000000000000752a       0x12 app/libapp.a(loader.c.obj)
                0x000000000000752a                boot_status_reset
 .text.boot_status_is_reset
                0x000000000000753c       0x1a app/libapp.a(loader.c.obj)
                0x000000000000753c                boot_status_is_reset
 .text.boot_write_status
                0x0000000000007556       0x64 app/libapp.a(loader.c.obj)
                0x0000000000007556                boot_write_status
 .text.boot_erase_region
                0x00000000000075ba        0x4 app/libapp.a(loader.c.obj)
                0x00000000000075ba                boot_erase_region
 .text.swap_erase_trailer_sectors
                0x00000000000075be       0x6a app/libapp.a(swap_misc.c.obj)
                0x00000000000075be                swap_erase_trailer_sectors
 .text.swap_status_init
                0x0000000000007628       0x3e app/libapp.a(swap_misc.c.obj)
                0x0000000000007628                swap_status_init
 .text.swap_read_status
                0x0000000000007666       0x7a app/libapp.a(swap_misc.c.obj)
                0x0000000000007666                swap_read_status
 .text.z_log_msg_runtime_create.constprop.0
                0x00000000000076e0       0x1e app/libapp.a(swap_move.c.obj)
 .text.find_last_idx
                0x00000000000076fe       0x14 app/libapp.a(swap_move.c.obj)
                0x00000000000076fe                find_last_idx
 .text.boot_status_internal_off
                0x0000000000007712       0x26 app/libapp.a(swap_move.c.obj)
                0x0000000000007712                boot_status_internal_off
 .text.cbpprintf_external
                0x0000000000007738       0x62 zephyr/libzephyr.a(cbprintf_packaged.c.obj)
                0x0000000000007738                cbpprintf_external
 .text.arch_printk_char_out
                0x000000000000779a        0x4 zephyr/libzephyr.a(printk.c.obj)
                0x000000000000779a                arch_printk_char_out
 .text.printk   0x000000000000779e       0x1a zephyr/libzephyr.a(printk.c.obj)
                0x000000000000779e                printk
 .text.process_recheck
                0x00000000000077b8       0x38 zephyr/libzephyr.a(onoff.c.obj)
 .text.validate_args
                0x00000000000077f0       0x20 zephyr/libzephyr.a(onoff.c.obj)
 .text.notify_one
                0x0000000000007810       0x2c zephyr/libzephyr.a(onoff.c.obj)
 .text.transition_complete
                0x000000000000783c       0x1c zephyr/libzephyr.a(onoff.c.obj)
 .text.onoff_manager_init
                0x0000000000007858       0x26 zephyr/libzephyr.a(onoff.c.obj)
                0x0000000000007858                onoff_manager_init
 .text.onoff_request
                0x000000000000787e       0xb0 zephyr/libzephyr.a(onoff.c.obj)
                0x000000000000787e                onoff_request
 .text.sys_notify_validate
                0x000000000000792e       0x22 zephyr/libzephyr.a(notify.c.obj)
                0x000000000000792e                sys_notify_validate
 .text.sys_notify_finalize
                0x0000000000007950       0x1a zephyr/libzephyr.a(notify.c.obj)
                0x0000000000007950                sys_notify_finalize
 .text.encode_uint
                0x000000000000796a       0x8c zephyr/libzephyr.a(cbprintf_complete.c.obj)
 .text.outs     0x00000000000079f6       0x2e zephyr/libzephyr.a(cbprintf_complete.c.obj)
 .text._ConfigAbsSyms
                0x0000000000007a24        0x2 zephyr/libzephyr.a(configs.c.obj)
                0x0000000000007a24                _ConfigAbsSyms
 .text.dummy_timestamp
                0x0000000000007a26        0x4 zephyr/libzephyr.a(log_core.c.obj)
 .text.default_get_timestamp
                0x0000000000007a2a        0x4 zephyr/libzephyr.a(log_core.c.obj)
 .text.atomic_inc
                0x0000000000007a2e       0x1a zephyr/libzephyr.a(log_core.c.obj)
 .text.enable_logger
                0x0000000000007a48        0xc zephyr/libzephyr.a(log_core.c.obj)
 .text.z_log_vprintk
                0x0000000000007a54       0x1c zephyr/libzephyr.a(log_core.c.obj)
                0x0000000000007a54                z_log_vprintk
 .text.z_log_notify_backend_enabled
                0x0000000000007a70        0x2 zephyr/libzephyr.a(log_core.c.obj)
                0x0000000000007a70                z_log_notify_backend_enabled
 .text.z_log_get_tag
                0x0000000000007a72        0x4 zephyr/libzephyr.a(log_core.c.obj)
                0x0000000000007a72                z_log_get_tag
 .text.z_log_msg_finalize
                0x0000000000007a76       0x32 zephyr/libzephyr.a(log_msg.c.obj)
                0x0000000000007a76                z_log_msg_finalize
 .text.out_func
                0x0000000000007aa8       0x1c zephyr/libzephyr.a(log_output.c.obj)
 .text.cr_out_func
                0x0000000000007ac4       0x1c zephyr/libzephyr.a(log_output.c.obj)
 .text.buffer_write
                0x0000000000007ae0       0x1a zephyr/libzephyr.a(log_output.c.obj)
 .text.cbvprintf
                0x0000000000007afa        0xe zephyr/libzephyr.a(log_output.c.obj)
 .text.log_output_flush
                0x0000000000007b08       0x1a zephyr/libzephyr.a(log_output.c.obj)
                0x0000000000007b08                log_output_flush
 .text.log_backend_uart_init
                0x0000000000007b22        0x2 zephyr/libzephyr.a(log_backend_uart.c.obj)
 .text.flash_area_close
                0x0000000000007b24        0x2 zephyr/libzephyr.a(flash_map.c.obj)
                0x0000000000007b24                flash_area_close
 .text.flash_area_read
                0x0000000000007b26       0x2a zephyr/libzephyr.a(flash_map.c.obj)
                0x0000000000007b26                flash_area_read
 .text.flash_area_write
                0x0000000000007b50       0x2a zephyr/libzephyr.a(flash_map.c.obj)
                0x0000000000007b50                flash_area_write
 .text.flash_area_erase
                0x0000000000007b7a       0x28 zephyr/libzephyr.a(flash_map.c.obj)
                0x0000000000007b7a                flash_area_erase
 .text.flash_area_align
                0x0000000000007ba2        0xe zephyr/libzephyr.a(flash_map.c.obj)
                0x0000000000007ba2                flash_area_align
 .text.flash_area_erased_val
                0x0000000000007bb0        0xe zephyr/libzephyr.a(flash_map.c.obj)
                0x0000000000007bb0                flash_area_erased_val
 .text.get_sectors_cb
                0x0000000000007bbe       0x44 zephyr/libzephyr.a(flash_map_layout.c.obj)
 .text.abort_function
                0x0000000000007c02        0x8 zephyr/libzephyr.a(nrf_cc3xx_platform_abort_zephyr.c.obj)
 .text.nrf_cc3xx_platform_mutex_init
                0x0000000000007c0a        0x2 zephyr/libzephyr.a(nrf_cc3xx_platform_no_mutex_zephyr.c.obj)
                0x0000000000007c0a                nrf_cc3xx_platform_mutex_init
 .text.z_log_msg_runtime_create.constprop.0
                0x0000000000007c0c       0x20 zephyr/arch/arch/arm/core/aarch32/libarch__arm__core__aarch32.a(fatal.c.obj)
 .text.z_do_kernel_oops
                0x0000000000007c2c        0x8 zephyr/arch/arch/arm/core/aarch32/libarch__arm__core__aarch32.a(fatal.c.obj)
                0x0000000000007c2c                z_do_kernel_oops
 .text.z_irq_spurious
                0x0000000000007c34        0x8 zephyr/arch/arch/arm/core/aarch32/libarch__arm__core__aarch32.a(irq_manage.c.obj)
                0x0000000000007c34                z_irq_spurious
 .text.z_arm_nmi
                0x0000000000007c3c        0xe zephyr/arch/arch/arm/core/aarch32/libarch__arm__core__aarch32.a(nmi.c.obj)
                0x0000000000007c3c                z_arm_nmi
 .text.z_log_msg_runtime_create.constprop.0
                0x0000000000007c4a       0x20 zephyr/arch/arch/arm/core/aarch32/cortex_m/libarch__arm__core__aarch32__cortex_m.a(fault.c.obj)
 .text.z_log_msg_runtime_create.constprop.0
                0x0000000000007c6a       0x20 zephyr/arch/arch/arm/core/aarch32/mpu/libarch__arm__core__aarch32__mpu.a(arm_mpu.c.obj)
 .text.strlen   0x0000000000007c8a        0xe zephyr/lib/libc/minimal/liblib__libc__minimal.a(string.c.obj)
                0x0000000000007c8a                strlen
 .text.memcmp   0x0000000000007c98       0x20 zephyr/lib/libc/minimal/liblib__libc__minimal.a(string.c.obj)
                0x0000000000007c98                memcmp
 .text.memmove  0x0000000000007cb8       0x2e zephyr/lib/libc/minimal/liblib__libc__minimal.a(string.c.obj)
                0x0000000000007cb8                memmove
 .text.memcpy   0x0000000000007ce6       0x16 zephyr/lib/libc/minimal/liblib__libc__minimal.a(string.c.obj)
                0x0000000000007ce6                memcpy
 .text.memset   0x0000000000007cfc       0x12 zephyr/lib/libc/minimal/liblib__libc__minimal.a(string.c.obj)
                0x0000000000007cfc                memset
 .text._stdout_hook_default
                0x0000000000007d0e        0x6 zephyr/lib/libc/minimal/liblib__libc__minimal.a(stdout_console.c.obj)
 .text.strnlen  0x0000000000007d14       0x12 zephyr/lib/libc/common/liblib__libc__common.a(strnlen.c.obj)
                0x0000000000007d14                strnlen
 .text.get_status
                0x0000000000007d26       0x12 zephyr/drivers/clock_control/libdrivers__clock_control.a(clock_control_nrf.c.obj)
 .text.set_on_state
                0x0000000000007d38       0x26 zephyr/drivers/clock_control/libdrivers__clock_control.a(clock_control_nrf.c.obj)
 .text.stop     0x0000000000007d5e       0x52 zephyr/drivers/clock_control/libdrivers__clock_control.a(clock_control_nrf.c.obj)
 .text.api_stop
                0x0000000000007db0        0x6 zephyr/drivers/clock_control/libdrivers__clock_control.a(clock_control_nrf.c.obj)
 .text.async_start
                0x0000000000007db6       0x5c zephyr/drivers/clock_control/libdrivers__clock_control.a(clock_control_nrf.c.obj)
 .text.api_start
                0x0000000000007e12        0xe zephyr/drivers/clock_control/libdrivers__clock_control.a(clock_control_nrf.c.obj)
 .text.api_blocking_start
                0x0000000000007e20        0x6 zephyr/drivers/clock_control/libdrivers__clock_control.a(clock_control_nrf.c.obj)
 .text.onoff_started_callback
                0x0000000000007e26       0x12 zephyr/drivers/clock_control/libdrivers__clock_control.a(clock_control_nrf.c.obj)
 .text.lfclk_start
                0x0000000000007e38        0x6 zephyr/drivers/clock_control/libdrivers__clock_control.a(clock_control_nrf.c.obj)
 .text.lfclk_stop
                0x0000000000007e3e        0x6 zephyr/drivers/clock_control/libdrivers__clock_control.a(clock_control_nrf.c.obj)
 .text.qspi_handler
                0x0000000000007e44        0x8 zephyr/drivers/flash/libdrivers__flash.a(nrf_qspi_nor.c.obj)
 .text.z_log_msg_runtime_create.constprop.0
                0x0000000000007e4c       0x1e zephyr/drivers/flash/libdrivers__flash.a(nrf_qspi_nor.c.obj)
 .text.qspi_rdsr.constprop.0.isra.0
                0x0000000000007e6a       0x36 zephyr/drivers/flash/libdrivers__flash.a(nrf_qspi_nor.c.obj)
 .text.qspi_nor_write_protection_set.isra.0
                0x0000000000007ea0       0x2a zephyr/drivers/flash/libdrivers__flash.a(nrf_qspi_nor.c.obj)
 .text.is_regular_addr_valid
                0x0000000000007eca       0x22 zephyr/drivers/flash/libdrivers__flash.a(soc_flash_nrf.c.obj)
 .text.z_log_msg_runtime_create.constprop.0
                0x0000000000007eec       0x20 zephyr/drivers/flash/libdrivers__flash.a(soc_flash_nrf.c.obj)
 .text.flash_get_page_info
                0x0000000000007f0c       0x62 zephyr/drivers/flash/libdrivers__flash.a(flash_page_layout.c.obj)
 .text.z_impl_flash_get_page_info_by_offs
                0x0000000000007f6e        0x8 zephyr/drivers/flash/libdrivers__flash.a(flash_page_layout.c.obj)
                0x0000000000007f6e                z_impl_flash_get_page_info_by_offs
 .text.flash_page_foreach
                0x0000000000007f76       0x58 zephyr/drivers/flash/libdrivers__flash.a(flash_page_layout.c.obj)
                0x0000000000007f76                flash_page_foreach
 .text.gpio_nrfx_port_get_raw
                0x0000000000007fce        0xe zephyr/drivers/gpio/libdrivers__gpio.a(gpio_nrfx.c.obj)
 .text.gpio_nrfx_port_set_masked_raw
                0x0000000000007fdc       0x18 zephyr/drivers/gpio/libdrivers__gpio.a(gpio_nrfx.c.obj)
 .text.gpio_nrfx_port_set_bits_raw
                0x0000000000007ff4        0xc zephyr/drivers/gpio/libdrivers__gpio.a(gpio_nrfx.c.obj)
 .text.gpio_nrfx_port_clear_bits_raw
                0x0000000000008000        0xc zephyr/drivers/gpio/libdrivers__gpio.a(gpio_nrfx.c.obj)
 .text.gpio_nrfx_port_toggle_bits
                0x000000000000800c       0x1a zephyr/drivers/gpio/libdrivers__gpio.a(gpio_nrfx.c.obj)
 .text.gpio_nrfx_manage_callback
                0x0000000000008026       0x52 zephyr/drivers/gpio/libdrivers__gpio.a(gpio_nrfx.c.obj)
 .text.pinctrl_lookup_state
                0x0000000000008078       0x26 zephyr/drivers/pinctrl/libdrivers__pinctrl.a(common.c.obj)
                0x0000000000008078                pinctrl_lookup_state
 .text.uarte_nrfx_config_get
                0x000000000000809e       0x10 zephyr/drivers/serial/libdrivers__serial.a(uart_nrfx_uarte.c.obj)
 .text.uarte_nrfx_err_check
                0x00000000000080ae        0xe zephyr/drivers/serial/libdrivers__serial.a(uart_nrfx_uarte.c.obj)
 .text.uarte_nrfx_poll_in
                0x00000000000080bc       0x28 zephyr/drivers/serial/libdrivers__serial.a(uart_nrfx_uarte.c.obj)
 .text.is_tx_ready.isra.0
                0x00000000000080e4       0x20 zephyr/drivers/serial/libdrivers__serial.a(uart_nrfx_uarte.c.obj)
 .text.uarte_nrfx_isr_int
                0x0000000000008104       0x72 zephyr/drivers/serial/libdrivers__serial.a(uart_nrfx_uarte.c.obj)
 .text.event_clear
                0x0000000000008176       0x18 zephyr/drivers/timer/libdrivers__timer.a(nrf_rtc_timer.c.obj)
 .text.sys_clock_cycle_get_32
                0x000000000000818e        0x8 zephyr/drivers/timer/libdrivers__timer.a(nrf_rtc_timer.c.obj)
                0x000000000000818e                sys_clock_cycle_get_32
 .text.hw_cc3xx_init_internal
                0x0000000000008196        0x4 modules/nrf/drivers/hw_cc310/lib..__nrf__drivers__hw_cc310.a(hw_cc310.c.obj)
 .text.hw_cc3xx_init
                0x000000000000819a       0x12 modules/nrf/drivers/hw_cc310/lib..__nrf__drivers__hw_cc310.a(hw_cc310.c.obj)
 .text.z_log_msg_runtime_create.constprop.0
                0x00000000000081ac       0x1e modules/mcuboot/boot/bootutil/zephyr/libmcuboot_util.a(bootutil_public.c.obj)
 .text.boot_swap_info_off
                0x00000000000081ca        0xc modules/mcuboot/boot/bootutil/zephyr/libmcuboot_util.a(bootutil_public.c.obj)
                0x00000000000081ca                boot_swap_info_off
 .text.boot_magic_compatible_check
                0x00000000000081d6       0x1c modules/mcuboot/boot/bootutil/zephyr/libmcuboot_util.a(bootutil_public.c.obj)
                0x00000000000081d6                boot_magic_compatible_check
 .text.bootutil_buffer_is_erased
                0x00000000000081f2       0x26 modules/mcuboot/boot/bootutil/zephyr/libmcuboot_util.a(bootutil_public.c.obj)
                0x00000000000081f2                bootutil_buffer_is_erased
 .text.boot_read_flag
                0x0000000000008218       0x38 modules/mcuboot/boot/bootutil/zephyr/libmcuboot_util.a(bootutil_public.c.obj)
 .text.boot_write_trailer
                0x0000000000008250       0x58 modules/mcuboot/boot/bootutil/zephyr/libmcuboot_util.a(bootutil_public.c.obj)
                0x0000000000008250                boot_write_trailer
 .text.boot_write_trailer_flag
                0x00000000000082a8       0x14 modules/mcuboot/boot/bootutil/zephyr/libmcuboot_util.a(bootutil_public.c.obj)
                0x00000000000082a8                boot_write_trailer_flag
 .text.boot_write_image_ok
                0x00000000000082bc        0xe modules/mcuboot/boot/bootutil/zephyr/libmcuboot_util.a(bootutil_public.c.obj)
                0x00000000000082bc                boot_write_image_ok
 .text.boot_read_image_ok
                0x00000000000082ca        0xc modules/mcuboot/boot/bootutil/zephyr/libmcuboot_util.a(bootutil_public.c.obj)
                0x00000000000082ca                boot_read_image_ok
 .text.boot_read_swap_state_by_id
                0x00000000000082d6       0x28 modules/mcuboot/boot/bootutil/zephyr/libmcuboot_util.a(bootutil_public.c.obj)
                0x00000000000082d6                boot_read_swap_state_by_id
 .text.boot_write_swap_info
                0x00000000000082fe       0x22 modules/mcuboot/boot/bootutil/zephyr/libmcuboot_util.a(bootutil_public.c.obj)
                0x00000000000082fe                boot_write_swap_info
 .text.boot_write_copy_done
                0x0000000000008320       0x10 modules/mcuboot/boot/bootutil/zephyr/libmcuboot_util.a(bootutil_public.c.obj)
                0x0000000000008320                boot_write_copy_done
 .text.mbedtls_asn1_get_len
                0x0000000000008330       0x98 modules/mbedtls/libmbedTLSBase.a(asn1parse.c.obj)
                0x0000000000008330                mbedtls_asn1_get_len
 .text.mbedtls_asn1_get_tag
                0x00000000000083c8       0x28 modules/mbedtls/libmbedTLSBase.a(asn1parse.c.obj)
                0x00000000000083c8                mbedtls_asn1_get_tag
 .text.mbedtls_asn1_get_mpi
                0x00000000000083f0       0x26 modules/mbedtls/libmbedTLSBase.a(asn1parse.c.obj)
                0x00000000000083f0                mbedtls_asn1_get_mpi
 .text.mpi_select
                0x0000000000008416       0x32 modules/mbedtls/libmbedTLSBase.a(bignum.c.obj)
 .text.mpi_montmul.isra.0
                0x0000000000008448       0x1e modules/mbedtls/libmbedTLSBase.a(bignum.c.obj)
 .text.mbedtls_mpi_init
                0x0000000000008466        0xc modules/mbedtls/libmbedTLSBase.a(bignum.c.obj)
                0x0000000000008466                mbedtls_mpi_init
 .text.mbedtls_mpi_free
                0x0000000000008472       0x24 modules/mbedtls/libmbedTLSBase.a(bignum.c.obj)
                0x0000000000008472                mbedtls_mpi_free
 .text.mbedtls_mpi_grow
                0x0000000000008496       0x4e modules/mbedtls/libmbedTLSBase.a(bignum.c.obj)
                0x0000000000008496                mbedtls_mpi_grow
 .text.mbedtls_mpi_resize_clear
                0x00000000000084e4       0x36 modules/mbedtls/libmbedTLSBase.a(bignum.c.obj)
 .text.mbedtls_mpi_copy
                0x000000000000851a       0x68 modules/mbedtls/libmbedTLSBase.a(bignum.c.obj)
                0x000000000000851a                mbedtls_mpi_copy
 .text.mbedtls_mpi_lset
                0x0000000000008582       0x32 modules/mbedtls/libmbedTLSBase.a(bignum.c.obj)
                0x0000000000008582                mbedtls_mpi_lset
 .text.mbedtls_mpi_get_bit
                0x00000000000085b4       0x20 modules/mbedtls/libmbedTLSBase.a(bignum.c.obj)
                0x00000000000085b4                mbedtls_mpi_get_bit
 .text.mbedtls_mpi_bitlen
                0x00000000000085d4        0x8 modules/mbedtls/libmbedTLSBase.a(bignum.c.obj)
                0x00000000000085d4                mbedtls_mpi_bitlen
 .text.mbedtls_mpi_size
                0x00000000000085dc        0xc modules/mbedtls/libmbedTLSBase.a(bignum.c.obj)
                0x00000000000085dc                mbedtls_mpi_size
 .text.mbedtls_mpi_read_binary
                0x00000000000085e8       0x2c modules/mbedtls/libmbedTLSBase.a(bignum.c.obj)
                0x00000000000085e8                mbedtls_mpi_read_binary
 .text.mbedtls_mpi_write_binary
                0x0000000000008614        0xc modules/mbedtls/libmbedTLSBase.a(bignum.c.obj)
                0x0000000000008614                mbedtls_mpi_write_binary
 .text.mbedtls_mpi_shift_l
                0x0000000000008620       0xae modules/mbedtls/libmbedTLSBase.a(bignum.c.obj)
                0x0000000000008620                mbedtls_mpi_shift_l
 .text.mbedtls_mpi_shift_r
                0x00000000000086ce       0x12 modules/mbedtls/libmbedTLSBase.a(bignum.c.obj)
                0x00000000000086ce                mbedtls_mpi_shift_r
 .text.mbedtls_mpi_cmp_abs
                0x00000000000086e0       0x6a modules/mbedtls/libmbedTLSBase.a(bignum.c.obj)
                0x00000000000086e0                mbedtls_mpi_cmp_abs
 .text.mbedtls_mpi_cmp_mpi
                0x000000000000874a       0x82 modules/mbedtls/libmbedTLSBase.a(bignum.c.obj)
                0x000000000000874a                mbedtls_mpi_cmp_mpi
 .text.mbedtls_mpi_cmp_int
                0x00000000000087cc       0x26 modules/mbedtls/libmbedTLSBase.a(bignum.c.obj)
                0x00000000000087cc                mbedtls_mpi_cmp_int
 .text.mbedtls_mpi_add_abs
                0x00000000000087f2       0x92 modules/mbedtls/libmbedTLSBase.a(bignum.c.obj)
                0x00000000000087f2                mbedtls_mpi_add_abs
 .text.mbedtls_mpi_sub_abs
                0x0000000000008884       0x9e modules/mbedtls/libmbedTLSBase.a(bignum.c.obj)
                0x0000000000008884                mbedtls_mpi_sub_abs
 .text.add_sub_mpi
                0x0000000000008922       0x5c modules/mbedtls/libmbedTLSBase.a(bignum.c.obj)
 .text.mbedtls_mpi_add_mpi
                0x000000000000897e        0x6 modules/mbedtls/libmbedTLSBase.a(bignum.c.obj)
                0x000000000000897e                mbedtls_mpi_add_mpi
 .text.mbedtls_mpi_sub_mpi
                0x0000000000008984        0x8 modules/mbedtls/libmbedTLSBase.a(bignum.c.obj)
                0x0000000000008984                mbedtls_mpi_sub_mpi
 .text.mbedtls_mpi_mul_int
                0x000000000000898c       0x62 modules/mbedtls/libmbedTLSBase.a(bignum.c.obj)
                0x000000000000898c                mbedtls_mpi_mul_int
 .text.mbedtls_mpi_div_mpi
                0x00000000000089ee      0x330 modules/mbedtls/libmbedTLSBase.a(bignum.c.obj)
                0x00000000000089ee                mbedtls_mpi_div_mpi
 .text.mbedtls_mpi_mod_mpi
                0x0000000000008d1e       0x64 modules/mbedtls/libmbedTLSBase.a(bignum.c.obj)
                0x0000000000008d1e                mbedtls_mpi_mod_mpi
 .text.mbedtls_mpi_exp_mod
                0x0000000000008d82      0x452 modules/mbedtls/libmbedTLSBase.a(bignum.c.obj)
                0x0000000000008d82                mbedtls_mpi_exp_mod
 .text.mbedtls_mpi_core_clz
                0x00000000000091d4       0x20 modules/mbedtls/libmbedTLSBase.a(bignum_core.c.obj)
                0x00000000000091d4                mbedtls_mpi_core_clz
 .text.mbedtls_mpi_core_bitlen
                0x00000000000091f4       0x28 modules/mbedtls/libmbedTLSBase.a(bignum_core.c.obj)
                0x00000000000091f4                mbedtls_mpi_core_bitlen
 .text.mbedtls_mpi_core_bigendian_to_host
                0x000000000000921c       0x54 modules/mbedtls/libmbedTLSBase.a(bignum_core.c.obj)
                0x000000000000921c                mbedtls_mpi_core_bigendian_to_host
 .text.mbedtls_mpi_core_cond_assign
                0x0000000000009270       0x18 modules/mbedtls/libmbedTLSBase.a(bignum_core.c.obj)
                0x0000000000009270                mbedtls_mpi_core_cond_assign
 .text.mbedtls_mpi_core_read_be
                0x0000000000009288       0x4a modules/mbedtls/libmbedTLSBase.a(bignum_core.c.obj)
                0x0000000000009288                mbedtls_mpi_core_read_be
 .text.mbedtls_mpi_core_write_be
                0x00000000000092d2       0x64 modules/mbedtls/libmbedTLSBase.a(bignum_core.c.obj)
                0x00000000000092d2                mbedtls_mpi_core_write_be
 .text.mbedtls_mpi_core_shift_r
                0x0000000000009336       0x74 modules/mbedtls/libmbedTLSBase.a(bignum_core.c.obj)
                0x0000000000009336                mbedtls_mpi_core_shift_r
 .text.mbedtls_mpi_core_add
                0x00000000000093aa       0x2c modules/mbedtls/libmbedTLSBase.a(bignum_core.c.obj)
                0x00000000000093aa                mbedtls_mpi_core_add
 .text.mbedtls_mpi_core_sub
                0x00000000000093d6       0x3a modules/mbedtls/libmbedTLSBase.a(bignum_core.c.obj)
                0x00000000000093d6                mbedtls_mpi_core_sub
 .text.mbedtls_mpi_core_mla
                0x0000000000009410      0x178 modules/mbedtls/libmbedTLSBase.a(bignum_core.c.obj)
                0x0000000000009410                mbedtls_mpi_core_mla
 .text.mbedtls_mpi_core_montmul_init
                0x0000000000009588       0x22 modules/mbedtls/libmbedTLSBase.a(bignum_core.c.obj)
                0x0000000000009588                mbedtls_mpi_core_montmul_init
 .text.mbedtls_mpi_core_montmul
                0x00000000000095aa       0x92 modules/mbedtls/libmbedTLSBase.a(bignum_core.c.obj)
                0x00000000000095aa                mbedtls_mpi_core_montmul
 .text.mbedtls_mpi_core_sub_int
                0x000000000000963c       0x22 modules/mbedtls/libmbedTLSBase.a(bignum_core.c.obj)
                0x000000000000963c                mbedtls_mpi_core_sub_int
 .text.platform_calloc_uninit
                0x000000000000965e        0x4 modules/mbedtls/libmbedTLSBase.a(platform.c.obj)
 .text.platform_exit_uninit
                0x0000000000009662        0x2 modules/mbedtls/libmbedTLSBase.a(platform.c.obj)
 .text.platform_free_uninit
                0x0000000000009664        0x2 modules/mbedtls/libmbedTLSBase.a(platform.c.obj)
 .text.mbedtls_ct_size_bool_eq
                0x0000000000009666        0xc modules/mbedtls/libmbedTLSBase.a(constant_time.c.obj)
                0x0000000000009666                mbedtls_ct_size_bool_eq
 .text.mbedtls_ct_mpi_uint_cond_assign
                0x0000000000009672       0x24 modules/mbedtls/libmbedTLSBase.a(constant_time.c.obj)
                0x0000000000009672                mbedtls_ct_mpi_uint_cond_assign
 .text.mbedtls_mpi_safe_cond_assign
                0x0000000000009696       0x5e modules/mbedtls/libmbedTLSBase.a(constant_time.c.obj)
                0x0000000000009696                mbedtls_mpi_safe_cond_assign
 .text.mbedtls_rsa_import
                0x00000000000096f4       0x86 modules/mbedtls/libmbedTLSBase.a(rsa.c.obj)
                0x00000000000096f4                mbedtls_rsa_import
 .text.mbedtls_rsa_init
                0x000000000000977a       0x14 modules/mbedtls/libmbedTLSBase.a(rsa.c.obj)
                0x000000000000977a                mbedtls_rsa_init
 .text.mbedtls_rsa_get_len
                0x000000000000978e        0x4 modules/mbedtls/libmbedTLSBase.a(rsa.c.obj)
                0x000000000000978e                mbedtls_rsa_get_len
 .text.mbedtls_rsa_free
                0x0000000000009792       0x72 modules/mbedtls/libmbedTLSBase.a(rsa.c.obj)
                0x0000000000009792                mbedtls_rsa_free
 .text.mbedtls_sha256_init
                0x0000000000009804        0x8 modules/mbedtls/libmbedTLSBase.a(sha256.c.obj)
                0x0000000000009804                mbedtls_sha256_init
 .text.mbedtls_sha256_update
                0x000000000000980c       0x88 modules/mbedtls/libmbedTLSBase.a(sha256.c.obj)
                0x000000000000980c                mbedtls_sha256_update
 .text.mbedtls_sha256_finish
                0x0000000000009894      0x104 modules/mbedtls/libmbedTLSBase.a(sha256.c.obj)
                0x0000000000009894                mbedtls_sha256_finish
 .text._mbedtls_init
                0x0000000000009998        0x4 modules/mbedtls/libmbedTLSBase.a(zephyr_init.c.obj)
 .text.nrfx_isr
                0x000000000000999c        0x2 modules/hal_nordic/nrfx/libmodules__hal_nordic__nrfx.a(nrfx_glue.c.obj)
                0x000000000000999c                nrfx_isr
 .text.nrfx_busy_wait
                0x000000000000999e        0x4 modules/hal_nordic/nrfx/libmodules__hal_nordic__nrfx.a(nrfx_glue.c.obj)
                0x000000000000999e                nrfx_busy_wait
 .text.nrfx_gppi_channel_endpoints_setup
                0x00000000000099a2       0x14 modules/hal_nordic/nrfx/libmodules__hal_nordic__nrfx.a(nrfx_gppi_ppi.c.obj)
                0x00000000000099a2                nrfx_gppi_channel_endpoints_setup
 .text.nrfx_clock_enable
                0x00000000000099b6       0x1a modules/hal_nordic/nrfx/libmodules__hal_nordic__nrfx.a(nrfx_clock.c.obj)
                0x00000000000099b6                nrfx_clock_enable
 .text.nrfx_clock_start
                0x00000000000099d0       0x78 modules/hal_nordic/nrfx/libmodules__hal_nordic__nrfx.a(nrfx_clock.c.obj)
                0x00000000000099d0                nrfx_clock_start
 .text.nrfx_clock_stop
                0x0000000000009a48        0x4 modules/hal_nordic/nrfx/libmodules__hal_nordic__nrfx.a(nrfx_clock.c.obj)
                0x0000000000009a48                nrfx_clock_stop
 .text.nrf_gpio_reconfigure
                0x0000000000009a4c       0x92 modules/hal_nordic/nrfx/libmodules__hal_nordic__nrfx.a(nrfx_gpiote.c.obj)
 .text.nrf_gpio_cfg_sense_set
                0x0000000000009ade       0x1e modules/hal_nordic/nrfx/libmodules__hal_nordic__nrfx.a(nrfx_gpiote.c.obj)
 .text.partial_word_create
                0x0000000000009afc       0x26 modules/hal_nordic/nrfx/libmodules__hal_nordic__nrfx.a(nrfx_nvmc.c.obj)
 .text.nrfx_nvmc_flash_size_get
                0x0000000000009b22        0xc modules/hal_nordic/nrfx/libmodules__hal_nordic__nrfx.a(nrfx_nvmc.c.obj)
                0x0000000000009b22                nrfx_nvmc_flash_size_get
 .text.nrfx_nvmc_flash_page_size_get
                0x0000000000009b2e        0x8 modules/hal_nordic/nrfx/libmodules__hal_nordic__nrfx.a(nrfx_nvmc.c.obj)
                0x0000000000009b2e                nrfx_nvmc_flash_page_size_get
 .text.nrfx_nvmc_flash_page_count_get
                0x0000000000009b36        0x8 modules/hal_nordic/nrfx/libmodules__hal_nordic__nrfx.a(nrfx_nvmc.c.obj)
                0x0000000000009b36                nrfx_nvmc_flash_page_count_get
 .text.nrf_gpio_cfg_default
                0x0000000000009b3e        0x6 modules/hal_nordic/nrfx/libmodules__hal_nordic__nrfx.a(nrfx_qspi.c.obj)
 .text.nrfx_qspi_write
                0x0000000000009b44        0x6 modules/hal_nordic/nrfx/libmodules__hal_nordic__nrfx.a(nrfx_qspi.c.obj)
                0x0000000000009b44                nrfx_qspi_write
 .text.nrfx_qspi_read
                0x0000000000009b4a        0x6 modules/hal_nordic/nrfx/libmodules__hal_nordic__nrfx.a(nrfx_qspi.c.obj)
                0x0000000000009b4a                nrfx_qspi_read
 .text.nrfx_qspi_chip_erase
                0x0000000000009b50        0x8 modules/hal_nordic/nrfx/libmodules__hal_nordic__nrfx.a(nrfx_qspi.c.obj)
                0x0000000000009b50                nrfx_qspi_chip_erase
 .text.SEGGER_RTT_Init
                0x0000000000009b58        0x4 modules/segger/libmodules__segger.a(SEGGER_RTT.c.obj)
                0x0000000000009b58                SEGGER_RTT_Init
 .text.rtt_init
                0x0000000000009b5c        0xa modules/segger/libmodules__segger.a(SEGGER_RTT_zephyr.c.obj)
 .text.z_impl_k_busy_wait
                0x0000000000009b66        0x8 zephyr/kernel/libkernel.a(busy_wait.c.obj)
                0x0000000000009b66                z_impl_k_busy_wait
 .text.z_device_state_init
                0x0000000000009b6e        0x2 zephyr/kernel/libkernel.a(device.c.obj)
                0x0000000000009b6e                z_device_state_init
 .text.z_device_is_ready
                0x0000000000009b70       0x16 zephyr/kernel/libkernel.a(device.c.obj)
                0x0000000000009b70                z_device_is_ready
 .text.z_log_msg_runtime_create.constprop.0
                0x0000000000009b86       0x20 zephyr/kernel/libkernel.a(fatal.c.obj)
 .text.z_early_memset
                0x0000000000009ba6        0x4 zephyr/kernel/libkernel.a(init.c.obj)
                0x0000000000009ba6                z_early_memset
 .text.z_early_memcpy
                0x0000000000009baa        0x4 zephyr/kernel/libkernel.a(init.c.obj)
                0x0000000000009baa                z_early_memcpy
 .text.k_is_in_isr
                0x0000000000009bae        0xc zephyr/kernel/libkernel.a(thread.c.obj)
                0x0000000000009bae                k_is_in_isr
 .text.boot_banner
                0x0000000000009bba        0x2 zephyr/kernel/libkernel.a(banner.c.obj)
                0x0000000000009bba                boot_banner
 .text._OffsetAbsSyms
                0x0000000000009bbc        0x2 zephyr/CMakeFiles/offsets.dir/./arch/arm/core/offsets/offsets.c.obj
                0x0000000000009bbc                _OffsetAbsSyms
 *(SORT_BY_ALIGNMENT(.TEXT.*))
 *(SORT_BY_ALIGNMENT(.gnu.linkonce.t.*))
 *(SORT_BY_ALIGNMENT(.glue_7t))
 .glue_7t       0x0000000000009bbe        0x0 linker stubs
 *(SORT_BY_ALIGNMENT(.glue_7))
 .glue_7        0x0000000000009bbe        0x0 linker stubs
 *(SORT_BY_ALIGNMENT(.vfp11_veneer))
 .vfp11_veneer  0x0000000000009bbe        0x0 linker stubs
 *(SORT_BY_ALIGNMENT(.v4_bx))
 .v4_bx         0x0000000000009bbe        0x0 linker stubs
                0x0000000000009bc0                . = ALIGN (0x4)
 *fill*         0x0000000000009bbe        0x2 
                0x0000000000009bc0                __text_region_end = .

.ARM.exidx      0x0000000000009bc0        0x8
                0x0000000000009bc0                __exidx_start = .
 *(SORT_BY_ALIGNMENT(.ARM.exidx*) SORT_BY_ALIGNMENT(gnu.linkonce.armexidx.*))
 .ARM.exidx     0x0000000000009bc0        0x8 c:/ncs/toolchains/c57af46cb7/opt/zephyr-sdk/arm-zephyr-eabi/bin/../lib/gcc/arm-zephyr-eabi/12.2.0/thumb/v7e-m/nofp\libgcc.a(_udivmoddi4.o)
                0x0000000000009bc8                __exidx_end = .
                0x0000000000009bc8                __rodata_region_start = .

initlevel       0x0000000000009bc8       0x70
                0x0000000000009bc8                __init_start = .
                0x0000000000009bc8                __init_EARLY_start = .
 *(SORT_BY_NAME(SORT_BY_ALIGNMENT(.z_init_EARLY?_*)))
 *(SORT_BY_NAME(SORT_BY_ALIGNMENT(.z_init_EARLY??_*)))
                0x0000000000009bc8                __init_PRE_KERNEL_1_start = .
 *(SORT_BY_NAME(SORT_BY_ALIGNMENT(.z_init_PRE_KERNEL_1?_*)))
 .z_init_PRE_KERNEL_10_0_
                0x0000000000009bc8        0x8 zephyr/soc/soc/arm/nordic_nrf/nrf52/libsoc__arm__nordic_nrf__nrf52.a(soc.c.obj)
 *(SORT_BY_NAME(SORT_BY_ALIGNMENT(.z_init_PRE_KERNEL_1??_*)))
 .z_init_PRE_KERNEL_130_00074_
                0x0000000000009bd0        0x8 zephyr/drivers/clock_control/libdrivers__clock_control.a(clock_control_nrf.c.obj)
 .z_init_PRE_KERNEL_130_0_
                0x0000000000009bd8        0x8 modules/segger/libmodules__segger.a(SEGGER_RTT_zephyr.c.obj)
 .z_init_PRE_KERNEL_140_00011_
                0x0000000000009be0        0x8 zephyr/drivers/gpio/libdrivers__gpio.a(gpio_nrfx.c.obj)
 .z_init_PRE_KERNEL_140_00104_
                0x0000000000009be8        0x8 zephyr/drivers/gpio/libdrivers__gpio.a(gpio_nrfx.c.obj)
 .z_init_PRE_KERNEL_140_0_
                0x0000000000009bf0        0x8 modules/nrf/drivers/hw_cc310/lib..__nrf__drivers__hw_cc310.a(hw_cc310.c.obj)
 .z_init_PRE_KERNEL_155_00112_
                0x0000000000009bf8        0x8 zephyr/drivers/serial/libdrivers__serial.a(uart_nrfx_uarte.c.obj)
                0x0000000000009c00                __init_PRE_KERNEL_2_start = .
 *(SORT_BY_NAME(SORT_BY_ALIGNMENT(.z_init_PRE_KERNEL_2?_*)))
 .z_init_PRE_KERNEL_20_0_
                0x0000000000009c00        0x8 zephyr/drivers/timer/libdrivers__timer.a(nrf_rtc_timer.c.obj)
 *(SORT_BY_NAME(SORT_BY_ALIGNMENT(.z_init_PRE_KERNEL_2??_*)))
                0x0000000000009c08                __init_POST_KERNEL_start = .
 *(SORT_BY_NAME(SORT_BY_ALIGNMENT(.z_init_POST_KERNEL?_*)))
 .z_init_POST_KERNEL0_0_
                0x0000000000009c08        0x8 zephyr/libzephyr.a(log_core.c.obj)
 .z_init_POST_KERNEL0_0_
                0x0000000000009c10        0x8 modules/mbedtls/libmbedTLSBase.a(zephyr_init.c.obj)
 *(SORT_BY_NAME(SORT_BY_ALIGNMENT(.z_init_POST_KERNEL??_*)))
 .z_init_POST_KERNEL40_0_
                0x0000000000009c18        0x8 modules/nrf/drivers/hw_cc310/lib..__nrf__drivers__hw_cc310.a(hw_cc310.c.obj)
 .z_init_POST_KERNEL41_00129_
                0x0000000000009c20        0x8 zephyr/drivers/flash/libdrivers__flash.a(nrf_qspi_nor.c.obj)
 .z_init_POST_KERNEL50_00118_
                0x0000000000009c28        0x8 zephyr/drivers/flash/libdrivers__flash.a(soc_flash_nrf.c.obj)
 .z_init_POST_KERNEL60_0_
                0x0000000000009c30        0x8 zephyr/drivers/console/libdrivers__console.a(uart_console.c.obj)
                0x0000000000009c38                __init_APPLICATION_start = .
 *(SORT_BY_NAME(SORT_BY_ALIGNMENT(.z_init_APPLICATION?_*)))
 *(SORT_BY_NAME(SORT_BY_ALIGNMENT(.z_init_APPLICATION??_*)))
                0x0000000000009c38                __init_SMP_start = .
 *(SORT_BY_NAME(SORT_BY_ALIGNMENT(.z_init_SMP?_*)))
 *(SORT_BY_NAME(SORT_BY_ALIGNMENT(.z_init_SMP??_*)))
                0x0000000000009c38                __init_end = .

device_area     0x0000000000009c38       0x78
                0x0000000000009c38                _device_list_start = .
 *(SORT_BY_NAME(SORT_BY_ALIGNMENT(._device.static.*_?_*)))
 *(SORT_BY_NAME(SORT_BY_ALIGNMENT(._device.static.*_??_*)))
 ._device.static.1_30_
                0x0000000000009c38       0x14 zephyr/drivers/clock_control/libdrivers__clock_control.a(clock_control_nrf.c.obj)
                0x0000000000009c38                __device_dts_ord_74
 ._device.static.1_40_
                0x0000000000009c4c       0x28 zephyr/drivers/gpio/libdrivers__gpio.a(gpio_nrfx.c.obj)
                0x0000000000009c4c                __device_dts_ord_104
                0x0000000000009c60                __device_dts_ord_11
 ._device.static.1_55_
                0x0000000000009c74       0x14 zephyr/drivers/serial/libdrivers__serial.a(uart_nrfx_uarte.c.obj)
                0x0000000000009c74                __device_dts_ord_112
 ._device.static.3_41_
                0x0000000000009c88       0x14 zephyr/drivers/flash/libdrivers__flash.a(nrf_qspi_nor.c.obj)
                0x0000000000009c88                __device_dts_ord_129
 ._device.static.3_50_
                0x0000000000009c9c       0x14 zephyr/drivers/flash/libdrivers__flash.a(soc_flash_nrf.c.obj)
                0x0000000000009c9c                __device_dts_ord_118
                0x0000000000009cb0                _device_list_end = .

sw_isr_table    0x0000000000009cb0      0x180
                0x0000000000009cb0                . = ALIGN (0x4)
 *(SORT_BY_ALIGNMENT(.gnu.linkonce.sw_isr_table*))
 .gnu.linkonce.sw_isr_table
                0x0000000000009cb0      0x180 zephyr/arch/common/libisr_tables.a(isr_tables.c.obj)
                0x0000000000009cb0                _sw_isr_table

initlevel_error
                0x0000000000009bc8        0x0
 *(SORT_BY_NAME(SORT_BY_ALIGNMENT(.z_init_[_A-Z0-9]*)))
                0x0000000000000001                ASSERT ((SIZEOF (initlevel_error) == 0x0), Undefined initialization levels used.)

app_shmem_regions
                0x0000000000009e30        0x0
                0x0000000000009e30                __app_shmem_regions_start = .
 *(SORT_BY_NAME(SORT_BY_ALIGNMENT(.app_regions.*)))
                0x0000000000009e30                __app_shmem_regions_end = .

k_p4wq_initparam_area
                0x0000000000009e30        0x0
                0x0000000000009e30                _k_p4wq_initparam_list_start = .
 *(SORT_BY_NAME(SORT_BY_ALIGNMENT(._k_p4wq_initparam.static.*)))
                0x0000000000009e30                _k_p4wq_initparam_list_end = .

_static_thread_data_area
                0x0000000000009e30        0x0
                0x0000000000009e30                __static_thread_data_list_start = .
 *(SORT_BY_NAME(SORT_BY_ALIGNMENT(.__static_thread_data.static.*)))
                0x0000000000009e30                __static_thread_data_list_end = .

device_deps     0x0000000000009e30        0x0
                0x0000000000009e30                __device_deps_start = .
 *(SORT_BY_NAME(SORT_BY_ALIGNMENT(.__device_deps_pass2*)))
                0x0000000000009e30                __device_deps_end = .

ztest           0x0000000000009e30        0x0
                0x0000000000009e30                _ztest_expected_result_entry_list_start = .
 *(SORT_BY_NAME(SORT_BY_ALIGNMENT(._ztest_expected_result_entry.static.*)))
                0x0000000000009e30                _ztest_expected_result_entry_list_end = .
                0x0000000000009e30                _ztest_suite_node_list_start = .
 *(SORT_BY_NAME(SORT_BY_ALIGNMENT(._ztest_suite_node.static.*)))
                0x0000000000009e30                _ztest_suite_node_list_end = .
                0x0000000000009e30                _ztest_unit_test_list_start = .
 *(SORT_BY_NAME(SORT_BY_ALIGNMENT(._ztest_unit_test.static.*)))
                0x0000000000009e30                _ztest_unit_test_list_end = .
                0x0000000000009e30                _ztest_test_rule_list_start = .
 *(SORT_BY_NAME(SORT_BY_ALIGNMENT(._ztest_test_rule.static.*)))
                0x0000000000009e30                _ztest_test_rule_list_end = .

bt_l2cap_fixed_chan_area
                0x0000000000009e30        0x0
                0x0000000000009e30                _bt_l2cap_fixed_chan_list_start = .
 *(SORT_BY_NAME(SORT_BY_ALIGNMENT(._bt_l2cap_fixed_chan.static.*)))
                0x0000000000009e30                _bt_l2cap_fixed_chan_list_end = .

bt_gatt_service_static_area
                0x0000000000009e30        0x0
                0x0000000000009e30                _bt_gatt_service_static_list_start = .
 *(SORT_BY_NAME(SORT_BY_ALIGNMENT(._bt_gatt_service_static.static.*)))
                0x0000000000009e30                _bt_gatt_service_static_list_end = .

log_strings_area
                0x0000000000009e30        0x0
                0x0000000000009e30                _log_strings_list_start = .
 *(SORT_BY_NAME(SORT_BY_ALIGNMENT(._log_strings.static.*)))
                0x0000000000009e30                _log_strings_list_end = .

log_const_area  0x0000000000009e30       0x88
                0x0000000000009e30                _log_const_list_start = .
 *(SORT_BY_NAME(SORT_BY_ALIGNMENT(._log_const.static.*)))
 ._log_const.static.log_const_NRFX_CLOCK_
                0x0000000000009e30        0x8 modules/hal_nordic/nrfx/libmodules__hal_nordic__nrfx.a(nrfx_clock.c.obj)
                0x0000000000009e30                log_const_NRFX_CLOCK
 ._log_const.static.log_const_NRFX_GPIOTE_
                0x0000000000009e38        0x8 modules/hal_nordic/nrfx/libmodules__hal_nordic__nrfx.a(nrfx_gpiote.c.obj)
                0x0000000000009e38                log_const_NRFX_GPIOTE
 ._log_const.static.log_const_NRFX_PPI_